Archive member included to satisfy reference by file (symbol)

.pio/build/nano_33_iot/libFrameworkArduino.a(CDC.cpp.o)
                              .pio/build/nano_33_iot/src/main.cpp.o (Serial_::begin(unsigned long))
.pio/build/nano_33_iot/libFrameworkArduino.a(USBCore.cpp.o)
                              .pio/build/nano_33_iot/libFrameworkArduino.a(CDC.cpp.o) (usbd)
.pio/build/nano_33_iot/libFrameworkArduino.a(WInterrupts.c.o)
                              .pio/build/nano_33_iot/src/BarcodeReader.cpp.o (attachInterrupt)
.pio/build/nano_33_iot/libFrameworkArduino.a(PluggableUSB.cpp.o)
                              .pio/build/nano_33_iot/libFrameworkArduino.a(USBCore.cpp.o) (arduino::PluggableUSB_::getInterface(unsigned char*))
.pio/build/nano_33_iot/libFrameworkArduino.a(Print.cpp.o)
                              .pio/build/nano_33_iot/src/BarcodeReader.cpp.o (arduino::Print::print(char const*))
.pio/build/nano_33_iot/libFrameworkArduino.a(cortex_handlers.c.o)
                              (Reset_Handler)
.pio/build/nano_33_iot/libFrameworkArduino.a(delay.c.o)
                              .pio/build/nano_33_iot/libFrameworkArduino.a(CDC.cpp.o) (millis)
.pio/build/nano_33_iot/libFrameworkArduino.a(hooks.c.o)
                              .pio/build/nano_33_iot/libFrameworkArduino.a(delay.c.o) (yield)
.pio/build/nano_33_iot/libFrameworkArduino.a(main.cpp.o)
                              /Users/bmmli.jl/.platformio/packages/toolchain-gccarmnoneeabi@1.70201.0/bin/../lib/gcc/arm-none-eabi/7.2.1/../../../../arm-none-eabi/lib/thumb/v6-m/crt0.o (main)
.pio/build/nano_33_iot/libFrameworkArduino.a(new.cpp.o)
                              .pio/build/nano_33_iot/libFrameworkArduino.a(USBCore.cpp.o) (operator new(unsigned int))
.pio/build/nano_33_iot/libFrameworkArduino.a(startup.c.o)
                              .pio/build/nano_33_iot/libFrameworkArduino.a(cortex_handlers.c.o) (SystemInit)
.pio/build/nano_33_iot/libFrameworkArduino.a(wiring.c.o)
                              .pio/build/nano_33_iot/libFrameworkArduino.a(main.cpp.o) (init)
.pio/build/nano_33_iot/libFrameworkArduino.a(wiring_analog.c.o)
                              .pio/build/nano_33_iot/libFrameworkArduino.a(wiring.c.o) (analogReference)
.pio/build/nano_33_iot/libFrameworkArduino.a(wiring_digital.c.o)
                              .pio/build/nano_33_iot/src/BarcodeReader.cpp.o (pinMode)
.pio/build/nano_33_iot/libFrameworkArduino.a(wiring_private.c.o)
                              .pio/build/nano_33_iot/libFrameworkArduino.a(WInterrupts.c.o) (pinPeripheral)
.pio/build/nano_33_iot/libFrameworkArduino.a(Reset.cpp.o)
                              .pio/build/nano_33_iot/libFrameworkArduino.a(CDC.cpp.o) (initiateReset)
.pio/build/nano_33_iot/libFrameworkArduino.a(abi.cpp.o)
                              .pio/build/nano_33_iot/libFrameworkArduino.a(Print.cpp.o) (__cxa_pure_virtual)
.pio/build/nano_33_iot/libFrameworkArduinoVariant.a(variant.cpp.o)
                              .pio/build/nano_33_iot/libFrameworkArduino.a(wiring_analog.c.o) (g_apTCInstances)
.pio/build/nano_33_iot/libFrameworkArduino.a(SERCOM.cpp.o)
                              .pio/build/nano_33_iot/libFrameworkArduinoVariant.a(variant.cpp.o) (SERCOM::SERCOM(Sercom*))
.pio/build/nano_33_iot/libFrameworkArduino.a(Uart.cpp.o)
                              .pio/build/nano_33_iot/libFrameworkArduinoVariant.a(variant.cpp.o) (Uart::Uart(SERCOM*, unsigned char, unsigned char, SercomRXPad, SercomUartTXPad, unsigned char, unsigned char))
/Users/bmmli.jl/.platformio/packages/toolchain-gccarmnoneeabi@1.70201.0/bin/../lib/gcc/arm-none-eabi/7.2.1/thumb/v6-m/libgcc.a(_thumb1_case_uqi.o)
                              .pio/build/nano_33_iot/libFrameworkArduino.a(USBCore.cpp.o) (__gnu_thumb1_case_uqi)
/Users/bmmli.jl/.platformio/packages/toolchain-gccarmnoneeabi@1.70201.0/bin/../lib/gcc/arm-none-eabi/7.2.1/thumb/v6-m/libgcc.a(_udivsi3.o)
                              .pio/build/nano_33_iot/src/BarcodeReader.cpp.o (__aeabi_uidiv)
/Users/bmmli.jl/.platformio/packages/toolchain-gccarmnoneeabi@1.70201.0/bin/../lib/gcc/arm-none-eabi/7.2.1/thumb/v6-m/libgcc.a(_divsi3.o)
                              .pio/build/nano_33_iot/libFrameworkArduino.a(USBCore.cpp.o) (__aeabi_idiv)
/Users/bmmli.jl/.platformio/packages/toolchain-gccarmnoneeabi@1.70201.0/bin/../lib/gcc/arm-none-eabi/7.2.1/thumb/v6-m/libgcc.a(_dvmd_tls.o)
                              /Users/bmmli.jl/.platformio/packages/toolchain-gccarmnoneeabi@1.70201.0/bin/../lib/gcc/arm-none-eabi/7.2.1/thumb/v6-m/libgcc.a(_udivsi3.o) (__aeabi_idiv0)
/Users/bmmli.jl/.platformio/packages/toolchain-gccarmnoneeabi@1.70201.0/bin/../lib/gcc/arm-none-eabi/7.2.1/thumb/v6-m/libgcc.a(_arm_cmpdf2.o)
                              .pio/build/nano_33_iot/libFrameworkArduino.a(Print.cpp.o) (__aeabi_dcmplt)
/Users/bmmli.jl/.platformio/packages/toolchain-gccarmnoneeabi@1.70201.0/bin/../lib/gcc/arm-none-eabi/7.2.1/thumb/v6-m/libgcc.a(_aeabi_uldivmod.o)
[...]
Memory Configuration

Name             Origin             Length             Attributes
FLASH            0x0000000000002000 0x000000000003e000 xr
RAM              0x0000000020000000 0x0000000000008000 xrw
*default*        0x0000000000000000 0xffffffffffffffff

Linker script and memory map

LOAD /Users/bmmli.jl/.platformio/packages/toolchain-gccarmnoneeabi@1.70201.0/bin/../lib/gcc/arm-none-eabi/7.2.1/thumb/v6-m/crti.o
LOAD /Users/bmmli.jl/.platformio/packages/toolchain-gccarmnoneeabi@1.70201.0/bin/../lib/gcc/arm-none-eabi/7.2.1/thumb/v6-m/crtbegin.o
LOAD /Users/bmmli.jl/.platformio/packages/toolchain-gccarmnoneeabi@1.70201.0/bin/../lib/gcc/arm-none-eabi/7.2.1/../../../../arm-none-eabi/lib/thumb/v6-m/crt0.o
LOAD .pio/build/nano_33_iot/src/BarcodeReader.cpp.o
LOAD .pio/build/nano_33_iot/src/FlashStorage.c.o
LOAD .pio/build/nano_33_iot/src/main.cpp.o
START GROUP
LOAD .pio/build/nano_33_iot/libFrameworkArduinoVariant.a
LOAD .pio/build/nano_33_iot/libFrameworkArduino.a
LOAD /Users/bmmli.jl/.platformio/packages/framework-cmsis/CMSIS/Lib/GCC/libarm_cortexM0l_math.a
END GROUP
LOAD /Users/bmmli.jl/.platformio/packages/toolchain-gccarmnoneeabi@1.70201.0/bin/../lib/gcc/arm-none-eabi/7.2.1/../../../../arm-none-eabi/lib/thumb/v6-m/libstdc++_nano.a
LOAD /Users/bmmli.jl/.platformio/packages/toolchain-gccarmnoneeabi@1.70201.0/bin/../lib/gcc/arm-none-eabi/7.2.1/../../../../arm-none-eabi/lib/thumb/v6-m/libm.a
START GROUP
LOAD /Users/bmmli.jl/.platformio/packages/toolchain-gccarmnoneeabi@1.70201.0/bin/../lib/gcc/arm-none-eabi/7.2.1/thumb/v6-m/libgcc.a
LOAD /Users/bmmli.jl/.platformio/packages/toolchain-gccarmnoneeabi@1.70201.0/bin/../lib/gcc/arm-none-eabi/7.2.1/../../../../arm-none-eabi/lib/thumb/v6-m/libc_nano.a
END GROUP
START GROUP
LOAD /Users/bmmli.jl/.platformio/packages/toolchain-gccarmnoneeabi@1.70201.0/bin/../lib/gcc/arm-none-eabi/7.2.1/thumb/v6-m/libgcc.a
LOAD /Users/bmmli.jl/.platformio/packages/toolchain-gccarmnoneeabi@1.70201.0/bin/../lib/gcc/arm-none-eabi/7.2.1/../../../../arm-none-eabi/lib/thumb/v6-m/libc_nano.a
LOAD /Users/bmmli.jl/.platformio/packages/toolchain-gccarmnoneeabi@1.70201.0/bin/../lib/gcc/arm-none-eabi/7.2.1/../../../../arm-none-eabi/lib/thumb/v6-m/libnosys.a
END GROUP
START GROUP
LOAD /Users/bmmli.jl/.platformio/packages/toolchain-gccarmnoneeabi@1.70201.0/bin/../lib/gcc/arm-none-eabi/7.2.1/thumb/v6-m/libgcc.a
LOAD /Users/bmmli.jl/.platformio/packages/toolchain-gccarmnoneeabi@1.70201.0/bin/../lib/gcc/arm-none-eabi/7.2.1/../../../../arm-none-eabi/lib/thumb/v6-m/libc_nano.a
LOAD /Users/bmmli.jl/.platformio/packages/toolchain-gccarmnoneeabi@1.70201.0/bin/../lib/gcc/arm-none-eabi/7.2.1/../../../../arm-none-eabi/lib/thumb/v6-m/libnosys.a
END GROUP
LOAD /Users/bmmli.jl/.platformio/packages/toolchain-gccarmnoneeabi@1.70201.0/bin/../lib/gcc/arm-none-eabi/7.2.1/thumb/v6-m/crtend.o
LOAD /Users/bmmli.jl/.platformio/packages/toolchain-gccarmnoneeabi@1.70201.0/bin/../lib/gcc/arm-none-eabi/7.2.1/thumb/v6-m/crtn.o

.text           0x0000000000002000     0x3778
                0x0000000000002000                __text_start__ = .
 *(.sketch_boot)
                0x0000000000002000                . = ALIGN (0x2000)
 *(.isr_vector)
 .isr_vector    0x0000000000002000       0xb4 .pio/build/nano_33_iot/libFrameworkArduino.a(cortex_handlers.c.o)
                0x0000000000002000                exception_table
 *(.text*)
 .text          0x00000000000020b4       0x48 /Users/bmmli.jl/.platformio/packages/toolchain-gccarmnoneeabi@1.70201.0/bin/../lib/gcc/arm-none-eabi/7.2.1/thumb/v6-m/crtbegin.o
 .text._Z10barcodeIsrv
                0x00000000000020fc       0x50 .pio/build/nano_33_iot/src/BarcodeReader.cpp.o
                0x00000000000020fc                barcodeIsr()
 .text._Z12barcode_init15barcodeConfig_t
                0x000000000000214c       0x44 .pio/build/nano_33_iot/src/BarcodeReader.cpp.o
                0x000000000000214c                barcode_init(barcodeConfig_t)
 .text._Z11barcode_getPhPm
                0x0000000000002190       0x64 .pio/build/nano_33_iot/src/BarcodeReader.cpp.o
                0x0000000000002190                barcode_get(unsigned char*, unsigned long*)
 .text.flash_free_memory
                0x00000000000021f4       0x18 .pio/build/nano_33_iot/src/FlashStorage.c.o
                0x00000000000021f4                flash_free_memory
 .text.flash_init
                0x000000000000220c       0x18 .pio/build/nano_33_iot/src/FlashStorage.c.o
                0x000000000000220c                flash_init
 .text.loop     0x0000000000002224       0x54 .pio/build/nano_33_iot/src/main.cpp.o
                0x0000000000002224                loop
 .text.setup    0x0000000000002278       0x5c .pio/build/nano_33_iot/src/main.cpp.o
                0x0000000000002278                setup
 .text._ZN7Serial_13getDescriptorERN7arduino8USBSetupE
                0x00000000000022d4        0x4 .pio/build/nano_33_iot/libFrameworkArduino.a(CDC.cpp.o)
                0x00000000000022d4                Serial_::getDescriptor(arduino::USBSetup&)
 .text._ZL5utox8mPc
                0x00000000000022d8       0x24 .pio/build/nano_33_iot/libFrameworkArduino.a(CDC.cpp.o)
 .text._ZN7Serial_12getShortNameEPc
                0x00000000000022fc       0x44 .pio/build/nano_33_iot/libFrameworkArduino.a(CDC.cpp.o)
                0x00000000000022fc                Serial_::getShortName(char*)
 .text._ZThn16_N7Serial_12getShortNameEPc
                0x0000000000002340       0x10 .pio/build/nano_33_iot/libFrameworkArduino.a(CDC.cpp.o)
                0x0000000000002340                non-virtual thunk to Serial_::getShortName(char*)
 .text._ZN7Serial_5beginEm
                0x0000000000002350        0x2 .pio/build/nano_33_iot/libFrameworkArduino.a(CDC.cpp.o)
                0x0000000000002350                Serial_::begin(unsigned long)
 .text._ZN7Serial_5beginEmt
                0x0000000000002352        0x2 .pio/build/nano_33_iot/libFrameworkArduino.a(CDC.cpp.o)
                0x0000000000002352                Serial_::begin(unsigned long, unsigned short)
 .text._ZN7Serial_17availableForWriteEv
                0x0000000000002354        0x4 .pio/build/nano_33_iot/libFrameworkArduino.a(CDC.cpp.o)
                0x0000000000002354                Serial_::availableForWrite()
 .text._ZN7Serial_5writeEh
                0x0000000000002358       0x14 .pio/build/nano_33_iot/libFrameworkArduino.a(CDC.cpp.o)
                0x0000000000002358                Serial_::write(unsigned char)
 .text._ZN7Serial_12getInterfaceEPh
                0x000000000000236c      0x11c .pio/build/nano_33_iot/libFrameworkArduino.a(CDC.cpp.o)
                0x000000000000236c                Serial_::getInterface(unsigned char*)
 .text._ZThn16_N7Serial_12getInterfaceEPh
                0x0000000000002488       0x10 .pio/build/nano_33_iot/libFrameworkArduino.a(CDC.cpp.o)
                0x0000000000002488                non-virtual thunk to Serial_::getInterface(unsigned char*)
 .text._ZN7Serial_5setupERN7arduino8USBSetupE
                0x0000000000002498       0x9c .pio/build/nano_33_iot/libFrameworkArduino.a(CDC.cpp.o)
                0x0000000000002498                Serial_::setup(arduino::USBSetup&)
 .text._ZThn16_N7Serial_5setupERN7arduino8USBSetupE
                0x0000000000002534       0x10 .pio/build/nano_33_iot/libFrameworkArduino.a(CDC.cpp.o)
                0x0000000000002534                non-virtual thunk to Serial_::setup(arduino::USBSetup&)
 .text._ZN7Serial_3endEv
                0x0000000000002544        0xe .pio/build/nano_33_iot/libFrameworkArduino.a(CDC.cpp.o)
                0x0000000000002544                Serial_::end()
 *fill*         0x0000000000002552        0x2 
 .text._ZN7Serial_9availableEv
                0x0000000000002554       0x20 .pio/build/nano_33_iot/libFrameworkArduino.a(CDC.cpp.o)
                0x0000000000002554                Serial_::available()
 .text._ZN7Serial_5flushEv
                0x0000000000002574        0xe .pio/build/nano_33_iot/libFrameworkArduino.a(CDC.cpp.o)
                0x0000000000002574                Serial_::flush()
 .text._ZN7Serial_5clearEv
                0x0000000000002582        0xe .pio/build/nano_33_iot/libFrameworkArduino.a(CDC.cpp.o)
                0x0000000000002582                Serial_::clear()
 .text._ZN7Serial_5writeEPKhj
                0x0000000000002590       0x1e .pio/build/nano_33_iot/libFrameworkArduino.a(CDC.cpp.o)
                0x0000000000002590                Serial_::write(unsigned char const*, unsigned int)
 *fill*         0x00000000000025ae        0x2 
 .text._ZN7Serial_4peekEv
                0x00000000000025b0       0x1c .pio/build/nano_33_iot/libFrameworkArduino.a(CDC.cpp.o)
                0x00000000000025b0                Serial_::peek()
 .text._ZN7Serial_4readEv
                0x00000000000025cc       0x24 .pio/build/nano_33_iot/libFrameworkArduino.a(CDC.cpp.o)
                0x00000000000025cc                Serial_::read()
 .text._ZN7Serial_cvbEv
                0x00000000000025f0       0x26 .pio/build/nano_33_iot/libFrameworkArduino.a(CDC.cpp.o)
                0x00000000000025f0                Serial_::operator bool()
 .text._ZThn16_N7Serial_13getDescriptorERN7arduino8USBSetupE
                0x0000000000002616        0x4 .pio/build/nano_33_iot/libFrameworkArduino.a(CDC.cpp.o)
                0x0000000000002616                non-virtual thunk to Serial_::getDescriptor(arduino::USBSetup&)
 .text.resetExternalChip
                0x000000000000261a        0x2 .pio/build/nano_33_iot/libFrameworkArduino.a(CDC.cpp.o)
                0x000000000000261a                resetExternalChip
 .text._ZN7Serial_14handleEndpointEi
                0x000000000000261c        0x2 .pio/build/nano_33_iot/libFrameworkArduino.a(CDC.cpp.o)
                0x000000000000261c                Serial_::handleEndpoint(int)
 *fill*         0x000000000000261e        0x2 
 .text._ZN7Serial_C2ER14USBDeviceClass
                0x0000000000002620       0x5c .pio/build/nano_33_iot/libFrameworkArduino.a(CDC.cpp.o)
                0x0000000000002620                Serial_::Serial_(USBDeviceClass&)
                0x0000000000002620                Serial_::Serial_(USBDeviceClass&)
 .text._ZN7Serial_15enableInterruptEv
                0x000000000000267c       0x30 .pio/build/nano_33_iot/libFrameworkArduino.a(CDC.cpp.o)
                0x000000000000267c                Serial_::enableInterrupt()
 .text.startup._GLOBAL__sub_I__ZN7Serial_12getInterfaceEPh
                0x00000000000026ac       0x14 .pio/build/nano_33_iot/libFrameworkArduino.a(CDC.cpp.o)
 .text._ZN26DoubleBufferedEPOutHandlerD2Ev
                0x00000000000026c0        0x2 .pio/build/nano_33_iot/libFrameworkArduino.a(USBCore.cpp.o)
                0x00000000000026c0                DoubleBufferedEPOutHandler::~DoubleBufferedEPOutHandler()
                0x00000000000026c0                DoubleBufferedEPOutHandler::~DoubleBufferedEPOutHandler()
 .text._ZN26DoubleBufferedEPOutHandlerD0Ev
                0x00000000000026c2        0xc .pio/build/nano_33_iot/libFrameworkArduino.a(USBCore.cpp.o)
                0x00000000000026c2                DoubleBufferedEPOutHandler::~DoubleBufferedEPOutHandler()
 *fill*         0x00000000000026ce        0x2 
 .text._ZN14USBDeviceClass6initEPEmm.part.7
                0x00000000000026d0       0xc4 .pio/build/nano_33_iot/libFrameworkArduino.a(USBCore.cpp.o)
 .text._ZN7__GuardC2Ev
                0x0000000000002794        0xe .pio/build/nano_33_iot/libFrameworkArduino.a(USBCore.cpp.o)
                0x0000000000002794                __Guard::__Guard()
                0x0000000000002794                __Guard::__Guard()
 .text._ZN7__GuardD2Ev
                0x00000000000027a2        0xe .pio/build/nano_33_iot/libFrameworkArduino.a(USBCore.cpp.o)
                0x00000000000027a2                __Guard::~__Guard()
                0x00000000000027a2                __Guard::~__Guard()
 .text._ZNK26DoubleBufferedEPOutHandler10_availableEv
                0x00000000000027b0       0x70 .pio/build/nano_33_iot/libFrameworkArduino.a(USBCore.cpp.o)
                0x00000000000027b0                DoubleBufferedEPOutHandler::_available() const
 .text._ZN26DoubleBufferedEPOutHandler7releaseEv
                0x0000000000002820       0x38 .pio/build/nano_33_iot/libFrameworkArduino.a(USBCore.cpp.o)
                0x0000000000002820                DoubleBufferedEPOutHandler::release()
 .text._ZN26DoubleBufferedEPOutHandler14handleEndpointEv
                0x0000000000002858       0xe2 .pio/build/nano_33_iot/libFrameworkArduino.a(USBCore.cpp.o)
                0x0000000000002858                DoubleBufferedEPOutHandler::handleEndpoint()
 .text._ZN14USBDeviceClass14SendInterfacesEPm
                0x000000000000293a       0x20 .pio/build/nano_33_iot/libFrameworkArduino.a(USBCore.cpp.o)
                0x000000000000293a                USBDeviceClass::SendInterfaces(unsigned long*)
 *fill*         0x000000000000295a        0x2 
 .text._ZN14USBDeviceClass6attachEv
                0x000000000000295c       0x34 .pio/build/nano_33_iot/libFrameworkArduino.a(USBCore.cpp.o)
                0x000000000000295c                USBDeviceClass::attach()
 .text._ZN14USBDeviceClass10setAddressEm
                0x0000000000002990       0x48 .pio/build/nano_33_iot/libFrameworkArduino.a(USBCore.cpp.o)
                0x0000000000002990                USBDeviceClass::setAddress(unsigned long)
 .text._ZN14USBDeviceClass25handleClassInterfaceSetupERN7arduino8USBSetupE
                0x00000000000029d8       0x24 .pio/build/nano_33_iot/libFrameworkArduino.a(USBCore.cpp.o)
                0x00000000000029d8                USBDeviceClass::handleClassInterfaceSetup(arduino::USBSetup&)
 .text._ZN14USBDeviceClass6initEPEmm
                0x00000000000029fc      0x10c .pio/build/nano_33_iot/libFrameworkArduino.a(USBCore.cpp.o)
                0x00000000000029fc                USBDeviceClass::initEP(unsigned long, unsigned long)
 .text._ZN14USBDeviceClass13initEndpointsEv
                0x0000000000002b08       0x24 .pio/build/nano_33_iot/libFrameworkArduino.a(USBCore.cpp.o)
                0x0000000000002b08                USBDeviceClass::initEndpoints()
 .text._ZN14USBDeviceClass5clearEm
                0x0000000000002b2c       0x38 .pio/build/nano_33_iot/libFrameworkArduino.a(USBCore.cpp.o)
                0x0000000000002b2c                USBDeviceClass::clear(unsigned long)
 .text._ZN14USBDeviceClass9availableEm
                0x0000000000002b64       0x2c .pio/build/nano_33_iot/libFrameworkArduino.a(USBCore.cpp.o)
                0x0000000000002b64                USBDeviceClass::available(unsigned long)
 .text._ZN14USBDeviceClass5flushEm
                0x0000000000002b90       0x2c .pio/build/nano_33_iot/libFrameworkArduino.a(USBCore.cpp.o)
                0x0000000000002b90                USBDeviceClass::flush(unsigned long)
 .text._ZN14USBDeviceClass4recvEmPvm
                0x0000000000002bbc       0xc0 .pio/build/nano_33_iot/libFrameworkArduino.a(USBCore.cpp.o)
                0x0000000000002bbc                USBDeviceClass::recv(unsigned long, void*, unsigned long)
 .text._ZN14USBDeviceClass4recvEm
                0x0000000000002c7c       0x1c .pio/build/nano_33_iot/libFrameworkArduino.a(USBCore.cpp.o)
                0x0000000000002c7c                USBDeviceClass::recv(unsigned long)
 .text._ZN14USBDeviceClass14armRecvCtrlOUTEm
                0x0000000000002c98       0x5c .pio/build/nano_33_iot/libFrameworkArduino.a(USBCore.cpp.o)
                0x0000000000002c98                USBDeviceClass::armRecvCtrlOUT(unsigned long)
 .text._ZN14USBDeviceClass11recvControlEPvm
                0x0000000000002cf4       0x28 .pio/build/nano_33_iot/libFrameworkArduino.a(USBCore.cpp.o)
                0x0000000000002cf4                USBDeviceClass::recvControl(void*, unsigned long)
 .text._ZN14USBDeviceClass4sendEmPKvm
                0x0000000000002d1c      0x10c .pio/build/nano_33_iot/libFrameworkArduino.a(USBCore.cpp.o)
                0x0000000000002d1c                USBDeviceClass::send(unsigned long, void const*, unsigned long)
 .text._ZN14USBDeviceClass7armSendEmPKvm
                0x0000000000002e28       0x48 .pio/build/nano_33_iot/libFrameworkArduino.a(USBCore.cpp.o)
                0x0000000000002e28                USBDeviceClass::armSend(unsigned long, void const*, unsigned long)
 .text._ZN14USBDeviceClass11sendControlEPKvm
                0x0000000000002e70       0x54 .pio/build/nano_33_iot/libFrameworkArduino.a(USBCore.cpp.o)
                0x0000000000002e70                USBDeviceClass::sendControl(void const*, unsigned long)
 .text._ZN14USBDeviceClass20sendStringDescriptorEPKhm
                0x0000000000002ec4       0x64 .pio/build/nano_33_iot/libFrameworkArduino.a(USBCore.cpp.o)
                0x0000000000002ec4                USBDeviceClass::sendStringDescriptor(unsigned char const*, unsigned long)
 .text._ZN14USBDeviceClass17sendConfigurationEm
                0x0000000000002f28       0x80 .pio/build/nano_33_iot/libFrameworkArduino.a(USBCore.cpp.o)
                0x0000000000002f28                USBDeviceClass::sendConfiguration(unsigned long)
 .text._ZN14USBDeviceClass14sendDescriptorERN7arduino8USBSetupE
                0x0000000000002fa8       0xd8 .pio/build/nano_33_iot/libFrameworkArduino.a(USBCore.cpp.o)
                0x0000000000002fa8                USBDeviceClass::sendDescriptor(arduino::USBSetup&)
 .text._ZN14USBDeviceClass7sendZlpEm
                0x0000000000003080       0x18 .pio/build/nano_33_iot/libFrameworkArduino.a(USBCore.cpp.o)
                0x0000000000003080                USBDeviceClass::sendZlp(unsigned long)
 .text._ZN14USBDeviceClass19handleStandardSetupERN7arduino8USBSetupE
                0x0000000000003098       0xf0 .pio/build/nano_33_iot/libFrameworkArduino.a(USBCore.cpp.o)
                0x0000000000003098                USBDeviceClass::handleStandardSetup(arduino::USBSetup&)
 .text._ZN14USBDeviceClass10ISRHandlerEv
                0x0000000000003188      0x108 .pio/build/nano_33_iot/libFrameworkArduino.a(USBCore.cpp.o)
                0x0000000000003188                USBDeviceClass::ISRHandler()
 .text.UDD_Handler
                0x0000000000003290       0x10 .pio/build/nano_33_iot/libFrameworkArduino.a(USBCore.cpp.o)
                0x0000000000003290                UDD_Handler
 .text._ZN7arduino13PluggableUSB_C2Ev
                0x00000000000032a0       0x10 .pio/build/nano_33_iot/libFrameworkArduino.a(USBCore.cpp.o)
                0x00000000000032a0                arduino::PluggableUSB_::PluggableUSB_()
                0x00000000000032a0                arduino::PluggableUSB_::PluggableUSB_()
 .text._Z8epBufferj
                0x00000000000032b0        0xc .pio/build/nano_33_iot/libFrameworkArduino.a(USBCore.cpp.o)
                0x00000000000032b0                epBuffer(unsigned int)
 .text._ZN7arduino11RingBufferNILi64EE10store_charEh
                0x00000000000032bc       0x1c .pio/build/nano_33_iot/libFrameworkArduino.a(USBCore.cpp.o)
                0x00000000000032bc                arduino::RingBufferN<64>::store_char(unsigned char)
 .text._ZN26DoubleBufferedEPOutHandler5_recvEv
                0x00000000000032d8      0x15e .pio/build/nano_33_iot/libFrameworkArduino.a(USBCore.cpp.o)
                0x00000000000032d8                DoubleBufferedEPOutHandler::_recv()
 .text._ZN26DoubleBufferedEPOutHandler9availableEv
                0x0000000000003436        0xc .pio/build/nano_33_iot/libFrameworkArduino.a(USBCore.cpp.o)
                0x0000000000003436                DoubleBufferedEPOutHandler::available()
 .text._ZN26DoubleBufferedEPOutHandler4peekEv
                0x0000000000003442       0x1c .pio/build/nano_33_iot/libFrameworkArduino.a(USBCore.cpp.o)
                0x0000000000003442                DoubleBufferedEPOutHandler::peek()
 .text._ZN26DoubleBufferedEPOutHandler4recvEPvm
                0x000000000000345e       0x60 .pio/build/nano_33_iot/libFrameworkArduino.a(USBCore.cpp.o)
                0x000000000000345e                DoubleBufferedEPOutHandler::recv(void*, unsigned long)
 *fill*         0x00000000000034be        0x2 
 .text.startup._GLOBAL__sub_I_usbd
                0x00000000000034c0       0x10 .pio/build/nano_33_iot/libFrameworkArduino.a(USBCore.cpp.o)
 .text._ZN14USBDeviceClass4initEv
                0x00000000000034d0      0x15c .pio/build/nano_33_iot/libFrameworkArduino.a(USBCore.cpp.o)
                0x00000000000034d0                USBDeviceClass::init()
 .text.attachInterrupt
                0x000000000000362c      0x130 .pio/build/nano_33_iot/libFrameworkArduino.a(WInterrupts.c.o)
                0x000000000000362c                attachInterrupt
 .text.EIC_Handler
                0x000000000000375c       0x3c .pio/build/nano_33_iot/libFrameworkArduino.a(WInterrupts.c.o)
                0x000000000000375c                EIC_Handler
 .text._ZN7arduino13PluggableUSB_12getInterfaceEPh
                0x0000000000003798       0x28 .pio/build/nano_33_iot/libFrameworkArduino.a(PluggableUSB.cpp.o)
                0x0000000000003798                arduino::PluggableUSB_::getInterface(unsigned char*)
 .text._ZN7arduino13PluggableUSB_13getDescriptorERNS_8USBSetupE
                0x00000000000037c0       0x20 .pio/build/nano_33_iot/libFrameworkArduino.a(PluggableUSB.cpp.o)
                0x00000000000037c0                arduino::PluggableUSB_::getDescriptor(arduino::USBSetup&)
 .text._ZN7arduino13PluggableUSB_12getShortNameEPc
                0x00000000000037e0       0x1e .pio/build/nano_33_iot/libFrameworkArduino.a(PluggableUSB.cpp.o)
                0x00000000000037e0                arduino::PluggableUSB_::getShortName(char*)
 .text._ZN7arduino13PluggableUSB_5setupERNS_8USBSetupE
                0x00000000000037fe       0x20 .pio/build/nano_33_iot/libFrameworkArduino.a(PluggableUSB.cpp.o)
                0x00000000000037fe                arduino::PluggableUSB_::setup(arduino::USBSetup&)
 .text._ZN7arduino13PluggableUSB_4plugEPNS_18PluggableUSBModuleE
                0x000000000000381e       0x5c .pio/build/nano_33_iot/libFrameworkArduino.a(PluggableUSB.cpp.o)
                0x000000000000381e                arduino::PluggableUSB_::plug(arduino::PluggableUSBModule*)
 *fill*         0x000000000000387a        0x2 
 .text._Z12PluggableUSBv
                0x000000000000387c       0x24 .pio/build/nano_33_iot/libFrameworkArduino.a(PluggableUSB.cpp.o)
                0x000000000000387c                PluggableUSB()
 .text._ZN7arduino5Print5writeEPKhj
                0x00000000000038a0       0x28 .pio/build/nano_33_iot/libFrameworkArduino.a(Print.cpp.o)
                0x00000000000038a0                arduino::Print::write(unsigned char const*, unsigned int)
 .text._ZN7arduino5Print5writeEPKc.part.2
                0x00000000000038c8       0x1a .pio/build/nano_33_iot/libFrameworkArduino.a(Print.cpp.o)
 .text._ZN7arduino5Print5writeEPKc
                0x00000000000038e2       0x10 .pio/build/nano_33_iot/libFrameworkArduino.a(Print.cpp.o)
                0x00000000000038e2                arduino::Print::write(char const*)
 .text._ZN7arduino5Print5printEPKc
                0x00000000000038f2        0x8 .pio/build/nano_33_iot/libFrameworkArduino.a(Print.cpp.o)
                0x00000000000038f2                arduino::Print::print(char const*)
 .text._ZN7arduino5Print5printEc
                0x00000000000038fa        0xa .pio/build/nano_33_iot/libFrameworkArduino.a(Print.cpp.o)
                0x00000000000038fa                arduino::Print::print(char)
 .text._ZN7arduino5Print7printlnEv
                0x0000000000003904       0x10 .pio/build/nano_33_iot/libFrameworkArduino.a(Print.cpp.o)
                0x0000000000003904                arduino::Print::println()
 .text._ZN7arduino5Print7printlnEPKc
                0x0000000000003914       0x14 .pio/build/nano_33_iot/libFrameworkArduino.a(Print.cpp.o)
                0x0000000000003914                arduino::Print::println(char const*)
 .text._ZN7arduino5Print11printNumberEmh
                0x0000000000003928       0x48 .pio/build/nano_33_iot/libFrameworkArduino.a(Print.cpp.o)
                0x0000000000003928                arduino::Print::printNumber(unsigned long, unsigned char)
 .text._ZN7arduino5Print5printEli
                0x0000000000003970       0x3e .pio/build/nano_33_iot/libFrameworkArduino.a(Print.cpp.o)
                0x0000000000003970                arduino::Print::print(long, int)
 .text._ZN7arduino5Print7printlnEii
                0x00000000000039ae       0x14 .pio/build/nano_33_iot/libFrameworkArduino.a(Print.cpp.o)
                0x00000000000039ae                arduino::Print::println(int, int)
 .text._ZN7arduino5Print5printEmi
                0x00000000000039c2       0x18 .pio/build/nano_33_iot/libFrameworkArduino.a(Print.cpp.o)
                0x00000000000039c2                arduino::Print::print(unsigned long, int)
 .text._ZN7arduino5Print7printlnEmi
                0x00000000000039da       0x14 .pio/build/nano_33_iot/libFrameworkArduino.a(Print.cpp.o)
                0x00000000000039da                arduino::Print::println(unsigned long, int)
 .text.Dummy_Handler
                0x00000000000039ee        0x2 .pio/build/nano_33_iot/libFrameworkArduino.a(cortex_handlers.c.o)
                0x00000000000039ee                SYSCTRL_Handler
                0x00000000000039ee                HardFault_Handler
                0x00000000000039ee                AC_Handler
                0x00000000000039ee                PendSV_Handler
                0x00000000000039ee                NMI_Handler
                0x00000000000039ee                TC7_Handler
                0x00000000000039ee                SERCOM1_Handler
                0x00000000000039ee                ADC_Handler
                0x00000000000039ee                TCC1_Handler
                0x00000000000039ee                TCC0_Handler
                0x00000000000039ee                RTC_Handler
                0x00000000000039ee                TC6_Handler
                0x00000000000039ee                WDT_Handler
                0x00000000000039ee                TC4_Handler
                0x00000000000039ee                TC3_Handler
                0x00000000000039ee                Dummy_Handler
                0x00000000000039ee                PM_Handler
                0x00000000000039ee                SVC_Handler
                0x00000000000039ee                TCC2_Handler
                0x00000000000039ee                EVSYS_Handler
                0x00000000000039ee                SERCOM4_Handler
                0x00000000000039ee                I2S_Handler
                0x00000000000039ee                NVMCTRL_Handler
                0x00000000000039ee                SERCOM0_Handler
                0x00000000000039ee                DAC_Handler
                0x00000000000039ee                PTC_Handler
                0x00000000000039ee                DMAC_Handler
 .text.USB_Handler
                0x00000000000039f0       0x14 .pio/build/nano_33_iot/libFrameworkArduino.a(cortex_handlers.c.o)
                0x00000000000039f0                USB_Handler
 .text.Reset_Handler
                0x0000000000003a04       0x54 .pio/build/nano_33_iot/libFrameworkArduino.a(cortex_handlers.c.o)
                0x0000000000003a04                Reset_Handler
 .text.SysTick_Handler
                0x0000000000003a58       0x10 .pio/build/nano_33_iot/libFrameworkArduino.a(cortex_handlers.c.o)
                0x0000000000003a58                SysTick_Handler
 .text.USB_SetHandler
                0x0000000000003a68        0xc .pio/build/nano_33_iot/libFrameworkArduino.a(cortex_handlers.c.o)
                0x0000000000003a68                USB_SetHandler
 .text.millis   0x0000000000003a74        0xc .pio/build/nano_33_iot/libFrameworkArduino.a(delay.c.o)
                0x0000000000003a74                millis
 .text.micros   0x0000000000003a80       0x60 .pio/build/nano_33_iot/libFrameworkArduino.a(delay.c.o)
                0x0000000000003a80                micros
 .text.delay    0x0000000000003ae0       0x30 .pio/build/nano_33_iot/libFrameworkArduino.a(delay.c.o)
                0x0000000000003ae0                delay
 .text.SysTick_DefaultHandler
                0x0000000000003b10       0x14 .pio/build/nano_33_iot/libFrameworkArduino.a(delay.c.o)
                0x0000000000003b10                SysTick_DefaultHandler
 .text.__empty  0x0000000000003b24        0x2 .pio/build/nano_33_iot/libFrameworkArduino.a(hooks.c.o)
                0x0000000000003b24                yield
 .text.__false  0x0000000000003b26        0x4 .pio/build/nano_33_iot/libFrameworkArduino.a(hooks.c.o)
                0x0000000000003b26                sysTickHook
 *fill*         0x0000000000003b2a        0x2 
 .text.startup.main
                0x0000000000003b2c       0x40 .pio/build/nano_33_iot/libFrameworkArduino.a(main.cpp.o)
                0x0000000000003b2c                main
 .text._Znwj    0x0000000000003b6c        0x8 .pio/build/nano_33_iot/libFrameworkArduino.a(new.cpp.o)
                0x0000000000003b6c                operator new(unsigned int)
 .text._ZdlPv   0x0000000000003b74        0x8 .pio/build/nano_33_iot/libFrameworkArduino.a(new.cpp.o)
                0x0000000000003b74                operator delete(void*)
 .text.SystemInit
                0x0000000000003b7c      0x194 .pio/build/nano_33_iot/libFrameworkArduino.a(startup.c.o)
                0x0000000000003b7c                SystemInit
 .text.init     0x0000000000003d10       0xf0 .pio/build/nano_33_iot/libFrameworkArduino.a(wiring.c.o)
                0x0000000000003d10                init
 .text.analogReference
                0x0000000000003e00       0x64 .pio/build/nano_33_iot/libFrameworkArduino.a(wiring_analog.c.o)
                0x0000000000003e00                analogReference
 .text.pinMode  0x0000000000003e64       0x98 .pio/build/nano_33_iot/libFrameworkArduino.a(wiring_digital.c.o)
                0x0000000000003e64                pinMode
 .text.digitalWrite
                0x0000000000003efc       0x58 .pio/build/nano_33_iot/libFrameworkArduino.a(wiring_digital.c.o)
                0x0000000000003efc                digitalWrite
 .text.pinPeripheral
                0x0000000000003f54       0xc0 .pio/build/nano_33_iot/libFrameworkArduino.a(wiring_private.c.o)
                0x0000000000003f54                pinPeripheral
 .text.initiateReset
                0x0000000000004014       0x14 .pio/build/nano_33_iot/libFrameworkArduino.a(Reset.cpp.o)
                0x0000000000004014                initiateReset
 .text.cancelReset
                0x0000000000004028       0x10 .pio/build/nano_33_iot/libFrameworkArduino.a(Reset.cpp.o)
                0x0000000000004028                cancelReset
 .text.tickReset
                0x0000000000004038       0x78 .pio/build/nano_33_iot/libFrameworkArduino.a(Reset.cpp.o)
                0x0000000000004038                tickReset
 .text.initVariant
                0x00000000000040b0       0x24 .pio/build/nano_33_iot/libFrameworkArduinoVariant.a(variant.cpp.o)
                0x00000000000040b0                initVariant
 .text.SERCOM5_Handler
                0x00000000000040d4       0x10 .pio/build/nano_33_iot/libFrameworkArduinoVariant.a(variant.cpp.o)
                0x00000000000040d4                SERCOM5_Handler
 .text.SERCOM3_Handler
                0x00000000000040e4       0x10 .pio/build/nano_33_iot/libFrameworkArduinoVariant.a(variant.cpp.o)
                0x00000000000040e4                SERCOM3_Handler
 .text.SERCOM2_Handler
                0x00000000000040f4       0x10 .pio/build/nano_33_iot/libFrameworkArduinoVariant.a(variant.cpp.o)
                0x00000000000040f4                SERCOM2_Handler
 .text.startup._GLOBAL__sub_I_g_APinDescription
                0x0000000000004104       0xbc .pio/build/nano_33_iot/libFrameworkArduinoVariant.a(variant.cpp.o)
 .text._ZN6SERCOMC2EP6Sercom
                0x00000000000041c0        0x8 .pio/build/nano_33_iot/libFrameworkArduino.a(SERCOM.cpp.o)
                0x00000000000041c0                SERCOM::SERCOM(Sercom*)
                0x00000000000041c0                SERCOM::SERCOM(Sercom*)
 .text._ZN6SERCOM9initFrameE18SercomUartCharSize15SercomDataOrder16SercomParityMode19SercomNumberStopBit
                0x00000000000041c8       0x3a .pio/build/nano_33_iot/libFrameworkArduino.a(SERCOM.cpp.o)
                0x00000000000041c8                SERCOM::initFrame(SercomUartCharSize, SercomDataOrder, SercomParityMode, SercomNumberStopBit)
 .text._ZN6SERCOM8initPadsE15SercomUartTXPad11SercomRXPad
                0x0000000000004202       0x26 .pio/build/nano_33_iot/libFrameworkArduino.a(SERCOM.cpp.o)
                0x0000000000004202                SERCOM::initPads(SercomUartTXPad, SercomRXPad)
 .text._ZN6SERCOM9resetUARTEv
                0x0000000000004228       0x1a .pio/build/nano_33_iot/libFrameworkArduino.a(SERCOM.cpp.o)
                0x0000000000004228                SERCOM::resetUART()
 .text._ZN6SERCOM10enableUARTEv
                0x0000000000004242       0x14 .pio/build/nano_33_iot/libFrameworkArduino.a(SERCOM.cpp.o)
                0x0000000000004242                SERCOM::enableUART()
 .text._ZN6SERCOM9flushUARTEv
                0x0000000000004256       0x14 .pio/build/nano_33_iot/libFrameworkArduino.a(SERCOM.cpp.o)
                0x0000000000004256                SERCOM::flushUART()
 .text._ZN6SERCOM15clearStatusUARTEv
                0x000000000000426a        0x8 .pio/build/nano_33_iot/libFrameworkArduino.a(SERCOM.cpp.o)
                0x000000000000426a                SERCOM::clearStatusUART()
 .text._ZN6SERCOM17availableDataUARTEv
                0x0000000000004272        0xa .pio/build/nano_33_iot/libFrameworkArduino.a(SERCOM.cpp.o)
                0x0000000000004272                SERCOM::availableDataUART()
 .text._ZN6SERCOM11isUARTErrorEv
                0x000000000000427c        0x8 .pio/build/nano_33_iot/libFrameworkArduino.a(SERCOM.cpp.o)
                0x000000000000427c                SERCOM::isUARTError()
 .text._ZN6SERCOM20acknowledgeUARTErrorEv
                0x0000000000004284        0xe .pio/build/nano_33_iot/libFrameworkArduino.a(SERCOM.cpp.o)
                0x0000000000004284                SERCOM::acknowledgeUARTError()
 .text._ZN6SERCOM16isFrameErrorUARTEv
                0x0000000000004292        0xa .pio/build/nano_33_iot/libFrameworkArduino.a(SERCOM.cpp.o)
                0x0000000000004292                SERCOM::isFrameErrorUART()
 .text._ZN6SERCOM19clearFrameErrorUARTEv
                0x000000000000429c        0xc .pio/build/nano_33_iot/libFrameworkArduino.a(SERCOM.cpp.o)
                0x000000000000429c                SERCOM::clearFrameErrorUART()
 .text._ZN6SERCOM23isDataRegisterEmptyUARTEv
                0x00000000000042a8        0xa .pio/build/nano_33_iot/libFrameworkArduino.a(SERCOM.cpp.o)
                0x00000000000042a8                SERCOM::isDataRegisterEmptyUART()
 .text._ZN6SERCOM12readDataUARTEv
                0x00000000000042b2        0x8 .pio/build/nano_33_iot/libFrameworkArduino.a(SERCOM.cpp.o)
                0x00000000000042b2                SERCOM::readDataUART()
 .text._ZN6SERCOM13writeDataUARTEh
                0x00000000000042ba       0x14 .pio/build/nano_33_iot/libFrameworkArduino.a(SERCOM.cpp.o)
                0x00000000000042ba                SERCOM::writeDataUART(unsigned char)
 .text._ZN6SERCOM36enableDataRegisterEmptyInterruptUARTEv
                0x00000000000042ce        0x8 .pio/build/nano_33_iot/libFrameworkArduino.a(SERCOM.cpp.o)
                0x00000000000042ce                SERCOM::enableDataRegisterEmptyInterruptUART()
 .text._ZN6SERCOM37disableDataRegisterEmptyInterruptUARTEv
                0x00000000000042d6        0x8 .pio/build/nano_33_iot/libFrameworkArduino.a(SERCOM.cpp.o)
                0x00000000000042d6                SERCOM::disableDataRegisterEmptyInterruptUART()
 *fill*         0x00000000000042de        0x2 
 .text._ZN6SERCOM13initClockNVICEv
                0x00000000000042e0       0xa8 .pio/build/nano_33_iot/libFrameworkArduino.a(SERCOM.cpp.o)
                0x00000000000042e0                SERCOM::initClockNVIC()
 .text._ZN6SERCOM8initUARTE14SercomUartMode20SercomUartSampleRatem
                0x0000000000004388       0x6c .pio/build/nano_33_iot/libFrameworkArduino.a(SERCOM.cpp.o)
                0x0000000000004388                SERCOM::initUART(SercomUartMode, SercomUartSampleRate, unsigned long)
 .text._ZN4UartcvbEv
                0x00000000000043f4        0x4 .pio/build/nano_33_iot/libFrameworkArduino.a(Uart.cpp.o)
                0x00000000000043f4                Uart::operator bool()
 .text._ZN4Uart5beginEm
                0x00000000000043f8       0x10 .pio/build/nano_33_iot/libFrameworkArduino.a(Uart.cpp.o)
                0x00000000000043f8                Uart::begin(unsigned long)
 .text._ZN4Uart9availableEv
                0x0000000000004408        0x6 .pio/build/nano_33_iot/libFrameworkArduino.a(Uart.cpp.o)
                0x0000000000004408                Uart::available()
 .text._ZN4Uart17availableForWriteEv
                0x000000000000440e       0x10 .pio/build/nano_33_iot/libFrameworkArduino.a(Uart.cpp.o)
                0x000000000000440e                Uart::availableForWrite()
 .text._ZN4Uart4peekEv
                0x000000000000441e       0x18 .pio/build/nano_33_iot/libFrameworkArduino.a(Uart.cpp.o)
                0x000000000000441e                Uart::peek()
 .text._ZN4Uart3endEv
                0x0000000000004436       0x24 .pio/build/nano_33_iot/libFrameworkArduino.a(Uart.cpp.o)
                0x0000000000004436                Uart::end()
 .text._ZN4Uart5flushEv
                0x000000000000445a       0x16 .pio/build/nano_33_iot/libFrameworkArduino.a(Uart.cpp.o)
                0x000000000000445a                Uart::flush()
 .text._ZN4Uart16extractNbStopBitEt
                0x0000000000004470        0xc .pio/build/nano_33_iot/libFrameworkArduino.a(Uart.cpp.o)
                0x0000000000004470                Uart::extractNbStopBit(unsigned short)
 .text._ZN4Uart15extractCharSizeEt
                0x000000000000447c       0x28 .pio/build/nano_33_iot/libFrameworkArduino.a(Uart.cpp.o)
                0x000000000000447c                Uart::extractCharSize(unsigned short)
 .text._ZN4Uart13extractParityEt
                0x00000000000044a4       0x14 .pio/build/nano_33_iot/libFrameworkArduino.a(Uart.cpp.o)
                0x00000000000044a4                Uart::extractParity(unsigned short)
 .text._ZN4Uart5beginEmt
                0x00000000000044b8       0xf8 .pio/build/nano_33_iot/libFrameworkArduino.a(Uart.cpp.o)
                0x00000000000044b8                Uart::begin(unsigned long, unsigned short)
 .text._ZN7arduino11RingBufferNILi256EEC2Ev
                0x00000000000045b0       0x1e .pio/build/nano_33_iot/libFrameworkArduino.a(Uart.cpp.o)
                0x00000000000045b0                arduino::RingBufferN<256>::RingBufferN()
                0x00000000000045b0                arduino::RingBufferN<256>::RingBufferN()
 *fill*         0x00000000000045ce        0x2 
 .text._ZN4UartC2EP6SERCOMhh11SercomRXPad15SercomUartTXPadhh
                0x00000000000045d0       0x88 .pio/build/nano_33_iot/libFrameworkArduino.a(Uart.cpp.o)
                0x00000000000045d0                Uart::Uart(SERCOM*, unsigned char, unsigned char, SercomRXPad, SercomUartTXPad, unsigned char, unsigned char)
                0x00000000000045d0                Uart::Uart(SERCOM*, unsigned char, unsigned char, SercomRXPad, SercomUartTXPad, unsigned char, unsigned char)
 .text._ZN4UartC2EP6SERCOMhh11SercomRXPad15SercomUartTXPad
                0x0000000000004658       0x74 .pio/build/nano_33_iot/libFrameworkArduino.a(Uart.cpp.o)
                0x0000000000004658                Uart::Uart(SERCOM*, unsigned char, unsigned char, SercomRXPad, SercomUartTXPad)
                0x0000000000004658                Uart::Uart(SERCOM*, unsigned char, unsigned char, SercomRXPad, SercomUartTXPad)
 .text._ZN7arduino15SafeRingBufferNILi256EE10store_charEh
                0x00000000000046cc       0x4a .pio/build/nano_33_iot/libFrameworkArduino.a(Uart.cpp.o)
                0x00000000000046cc                arduino::SafeRingBufferN<256>::store_char(unsigned char)
 .text._ZN7arduino15SafeRingBufferNILi256EE9read_charEv
                0x0000000000004716       0x50 .pio/build/nano_33_iot/libFrameworkArduino.a(Uart.cpp.o)
                0x0000000000004716                arduino::SafeRingBufferN<256>::read_char()
 .text._ZN4Uart10IrqHandlerEv
                0x0000000000004766       0xa4 .pio/build/nano_33_iot/libFrameworkArduino.a(Uart.cpp.o)
                0x0000000000004766                Uart::IrqHandler()
 *fill*         0x000000000000480a        0x2 
 .text._ZN4Uart5writeEh
                0x000000000000480c       0x9c .pio/build/nano_33_iot/libFrameworkArduino.a(Uart.cpp.o)
                0x000000000000480c                Uart::write(unsigned char)
 .text._ZN4Uart4readEv
                0x00000000000048a8       0x34 .pio/build/nano_33_iot/libFrameworkArduino.a(Uart.cpp.o)
                0x00000000000048a8                Uart::read()
 .text          0x00000000000048dc       0x14 /Users/bmmli.jl/.platformio/packages/toolchain-gccarmnoneeabi@1.70201.0/bin/../lib/gcc/arm-none-eabi/7.2.1/thumb/v6-m/libgcc.a(_thumb1_case_uqi.o)
                0x00000000000048dc                __gnu_thumb1_case_uqi
 .text          0x00000000000048f0      0x114 /Users/bmmli.jl/.platformio/packages/toolchain-gccarmnoneeabi@1.70201.0/bin/../lib/gcc/arm-none-eabi/7.2.1/thumb/v6-m/libgcc.a(_udivsi3.o)
                0x00000000000048f0                __udivsi3
                0x00000000000048f0                __aeabi_uidiv
                0x00000000000049fc                __aeabi_uidivmod
 .text          0x0000000000004a04        0x4 /Users/bmmli.jl/.platformio/packages/toolchain-gccarmnoneeabi@1.70201.0/bin/../lib/gcc/arm-none-eabi/7.2.1/thumb/v6-m/libgcc.a(_dvmd_tls.o)
                0x0000000000004a04                __aeabi_ldiv0
                0x0000000000004a04                __aeabi_idiv0
 .text.__libc_init_array
                0x0000000000004a08       0x48 /Users/bmmli.jl/.platformio/packages/toolchain-gccarmnoneeabi@1.70201.0/bin/../lib/gcc/arm-none-eabi/7.2.1/../../../../arm-none-eabi/lib/thumb/v6-m/libc_nano.a(lib_a-init.o)
                0x0000000000004a08                __libc_init_array
 .text.malloc   0x0000000000004a50       0x14 /Users/bmmli.jl/.platformio/packages/toolchain-gccarmnoneeabi@1.70201.0/bin/../lib/gcc/arm-none-eabi/7.2.1/../../../../arm-none-eabi/lib/thumb/v6-m/libc_nano.a(lib_a-malloc.o)
                0x0000000000004a50                malloc
 .text.free     0x0000000000004a64       0x14 /Users/bmmli.jl/.platformio/packages/toolchain-gccarmnoneeabi@1.70201.0/bin/../lib/gcc/arm-none-eabi/7.2.1/../../../../arm-none-eabi/lib/thumb/v6-m/libc_nano.a(lib_a-malloc.o)
                0x0000000000004a64                free
 .text.memcpy   0x0000000000004a78       0x12 /Users/bmmli.jl/.platformio/packages/toolchain-gccarmnoneeabi@1.70201.0/bin/../lib/gcc/arm-none-eabi/7.2.1/../../../../arm-none-eabi/lib/thumb/v6-m/libc_nano.a(lib_a-memcpy-stub.o)
                0x0000000000004a78                memcpy
 .text.memset   0x0000000000004a8a       0x10 /Users/bmmli.jl/.platformio/packages/toolchain-gccarmnoneeabi@1.70201.0/bin/../lib/gcc/arm-none-eabi/7.2.1/../../../../arm-none-eabi/lib/thumb/v6-m/libc_nano.a(lib_a-memset.o)
                0x0000000000004a8a                memset
 *fill*         0x0000000000004a9a        0x2 
 .text._free_r  0x0000000000004a9c       0x94 /Users/bmmli.jl/.platformio/packages/toolchain-gccarmnoneeabi@1.70201.0/bin/../lib/gcc/arm-none-eabi/7.2.1/../../../../arm-none-eabi/lib/thumb/v6-m/libc_nano.a(lib_a-nano-freer.o)
                0x0000000000004a9c                _free_r
 .text._malloc_r
                0x0000000000004b30       0xbc /Users/bmmli.jl/.platformio/packages/toolchain-gccarmnoneeabi@1.70201.0/bin/../lib/gcc/arm-none-eabi/7.2.1/../../../../arm-none-eabi/lib/thumb/v6-m/libc_nano.a(lib_a-nano-mallocr.o)
                0x0000000000004b30                _malloc_r
 .text._sbrk_r  0x0000000000004bec       0x24 /Users/bmmli.jl/.platformio/packages/toolchain-gccarmnoneeabi@1.70201.0/bin/../lib/gcc/arm-none-eabi/7.2.1/../../../../arm-none-eabi/lib/thumb/v6-m/libc_nano.a(lib_a-sbrkr.o)
                0x0000000000004bec                _sbrk_r
 .text.sprintf  0x0000000000004c10       0x40 /Users/bmmli.jl/.platformio/packages/toolchain-gccarmnoneeabi@1.70201.0/bin/../lib/gcc/arm-none-eabi/7.2.1/../../../../arm-none-eabi/lib/thumb/v6-m/libc_nano.a(lib_a-sprintf.o)
                0x0000000000004c10                sprintf
                0x0000000000004c10                siprintf
 .text          0x0000000000004c50        0xe /Users/bmmli.jl/.platformio/packages/toolchain-gccarmnoneeabi@1.70201.0/bin/../lib/gcc/arm-none-eabi/7.2.1/../../../../arm-none-eabi/lib/thumb/v6-m/libc_nano.a(lib_a-strlen.o)
                0x0000000000004c50                strlen
 .text.__malloc_lock
                0x0000000000004c5e        0x2 /Users/bmmli.jl/.platformio/packages/toolchain-gccarmnoneeabi@1.70201.0/bin/../lib/gcc/arm-none-eabi/7.2.1/../../../../arm-none-eabi/lib/thumb/v6-m/libc_nano.a(lib_a-mlock.o)
                0x0000000000004c5e                __malloc_lock
 .text.__malloc_unlock
                0x0000000000004c60        0x2 /Users/bmmli.jl/.platformio/packages/toolchain-gccarmnoneeabi@1.70201.0/bin/../lib/gcc/arm-none-eabi/7.2.1/../../../../arm-none-eabi/lib/thumb/v6-m/libc_nano.a(lib_a-mlock.o)
                0x0000000000004c60                __malloc_unlock
 *fill*         0x0000000000004c62        0x2 
 .text.__ssputs_r
                0x0000000000004c64       0xc4 /Users/bmmli.jl/.platformio/packages/toolchain-gccarmnoneeabi@1.70201.0/bin/../lib/gcc/arm-none-eabi/7.2.1/../../../../arm-none-eabi/lib/thumb/v6-m/libc_nano.a(lib_a-nano-svfprintf.o)
                0x0000000000004c64                __ssputs_r
 .text._svfprintf_r
                0x0000000000004d28      0x1fc /Users/bmmli.jl/.platformio/packages/toolchain-gccarmnoneeabi@1.70201.0/bin/../lib/gcc/arm-none-eabi/7.2.1/../../../../arm-none-eabi/lib/thumb/v6-m/libc_nano.a(lib_a-nano-svfprintf.o)
                0x0000000000004d28                _svfprintf_r
                0x0000000000004d28                _svfiprintf_r
 .text._printf_common
                0x0000000000004f24       0xda /Users/bmmli.jl/.platformio/packages/toolchain-gccarmnoneeabi@1.70201.0/bin/../lib/gcc/arm-none-eabi/7.2.1/../../../../arm-none-eabi/lib/thumb/v6-m/libc_nano.a(lib_a-nano-vfprintf_i.o)
                0x0000000000004f24                _printf_common
 *fill*         0x0000000000004ffe        0x2 
 .text._printf_i
                0x0000000000005000      0x210 /Users/bmmli.jl/.platformio/packages/toolchain-gccarmnoneeabi@1.70201.0/bin/../lib/gcc/arm-none-eabi/7.2.1/../../../../arm-none-eabi/lib/thumb/v6-m/libc_nano.a(lib_a-nano-vfprintf_i.o)
                0x0000000000005000                _printf_i
 .text.memchr   0x0000000000005210       0x16 /Users/bmmli.jl/.platformio/packages/toolchain-gccarmnoneeabi@1.70201.0/bin/../lib/gcc/arm-none-eabi/7.2.1/../../../../arm-none-eabi/lib/thumb/v6-m/libc_nano.a(lib_a-memchr-stub.o)
                0x0000000000005210                memchr
 .text.memmove  0x0000000000005226       0x26 /Users/bmmli.jl/.platformio/packages/toolchain-gccarmnoneeabi@1.70201.0/bin/../lib/gcc/arm-none-eabi/7.2.1/../../../../arm-none-eabi/lib/thumb/v6-m/libc_nano.a(lib_a-memmove.o)
                0x0000000000005226                memmove
 .text._realloc_r
                0x000000000000524c       0x4c /Users/bmmli.jl/.platformio/packages/toolchain-gccarmnoneeabi@1.70201.0/bin/../lib/gcc/arm-none-eabi/7.2.1/../../../../arm-none-eabi/lib/thumb/v6-m/libc_nano.a(lib_a-nano-reallocr.o)
                0x000000000000524c                _realloc_r
 .text._malloc_usable_size_r
                0x0000000000005298       0x10 /Users/bmmli.jl/.platformio/packages/toolchain-gccarmnoneeabi@1.70201.0/bin/../lib/gcc/arm-none-eabi/7.2.1/../../../../arm-none-eabi/lib/thumb/v6-m/libc_nano.a(lib_a-nano-msizer.o)
                0x0000000000005298                _malloc_usable_size_r
 .text._sbrk    0x00000000000052a8       0x1c /Users/bmmli.jl/.platformio/packages/toolchain-gccarmnoneeabi@1.70201.0/bin/../lib/gcc/arm-none-eabi/7.2.1/../../../../arm-none-eabi/lib/thumb/v6-m/libnosys.a(sbrk.o)
                0x00000000000052a8                _sbrk
 *(.init)
 .init          0x00000000000052c4        0x4 /Users/bmmli.jl/.platformio/packages/toolchain-gccarmnoneeabi@1.70201.0/bin/../lib/gcc/arm-none-eabi/7.2.1/thumb/v6-m/crti.o
                0x00000000000052c4                _init
 .init          0x00000000000052c8        0x8 /Users/bmmli.jl/.platformio/packages/toolchain-gccarmnoneeabi@1.70201.0/bin/../lib/gcc/arm-none-eabi/7.2.1/thumb/v6-m/crtn.o
 *(.fini)
 .fini          0x00000000000052d0        0x4 /Users/bmmli.jl/.platformio/packages/toolchain-gccarmnoneeabi@1.70201.0/bin/../lib/gcc/arm-none-eabi/7.2.1/thumb/v6-m/crti.o
                0x00000000000052d0                _fini
 .fini          0x00000000000052d4        0x8 /Users/bmmli.jl/.platformio/packages/toolchain-gccarmnoneeabi@1.70201.0/bin/../lib/gcc/arm-none-eabi/7.2.1/thumb/v6-m/crtn.o
 *crtbegin.o(.ctors)
 *crtbegin?.o(.ctors)
 *(EXCLUDE_FILE(*crtend.o *crtend?.o) .ctors)
 *(SORT_BY_NAME(.ctors.*))
 *(.ctors)
 *crtbegin.o(.dtors)
 *crtbegin?.o(.dtors)
 *(EXCLUDE_FILE(*crtend.o *crtend?.o) .dtors)
 *(SORT_BY_NAME(.dtors.*))
 *(.dtors)
 *(.rodata*)
 .rodata.loop.str1.1
                0x00000000000052dc       0x3c .pio/build/nano_33_iot/src/main.cpp.o
 .rodata.setup.str1.1
                0x0000000000005318       0x13 .pio/build/nano_33_iot/src/main.cpp.o
 *fill*         0x000000000000532b        0x1 
 .rodata        0x000000000000532c        0x8 .pio/build/nano_33_iot/libFrameworkArduino.a(CDC.cpp.o)
 .rodata._ZTV7Serial_
                0x0000000000005334       0x60 .pio/build/nano_33_iot/libFrameworkArduino.a(CDC.cpp.o)
                0x0000000000005334                vtable for Serial_
 .rodata._ZTV26DoubleBufferedEPOutHandler
                0x0000000000005394       0x24 .pio/build/nano_33_iot/libFrameworkArduino.a(USBCore.cpp.o)
                0x0000000000005394                vtable for DoubleBufferedEPOutHandler
 .rodata._ZL14STRING_PRODUCT
                0x00000000000053b8       0x14 .pio/build/nano_33_iot/libFrameworkArduino.a(USBCore.cpp.o)
 .rodata._ZL15STRING_LANGUAGE
                0x00000000000053cc        0x4 .pio/build/nano_33_iot/libFrameworkArduino.a(USBCore.cpp.o)
 .rodata._ZL19STRING_MANUFACTURER
                0x00000000000053d0        0xc .pio/build/nano_33_iot/libFrameworkArduino.a(USBCore.cpp.o)
 .rodata._ZL21USB_DeviceDescriptorB
                0x00000000000053dc       0x12 .pio/build/nano_33_iot/libFrameworkArduino.a(USBCore.cpp.o)
 .rodata._ZN7arduino5Print7printlnEv.str1.1
                0x00000000000053ee        0x3 .pio/build/nano_33_iot/libFrameworkArduino.a(Print.cpp.o)
 *fill*         0x00000000000053f1        0x3 
 .rodata.g_APinDescription
                0x00000000000053f4      0x318 .pio/build/nano_33_iot/libFrameworkArduinoVariant.a(variant.cpp.o)
                0x00000000000053f4                g_APinDescription
 .rodata._ZTV4Uart
                0x000000000000570c       0x34 .pio/build/nano_33_iot/libFrameworkArduino.a(Uart.cpp.o)
                0x000000000000570c                vtable for Uart
 .rodata._svfprintf_r.str1.1
                0x0000000000005740       0x11 /Users/bmmli.jl/.platformio/packages/toolchain-gccarmnoneeabi@1.70201.0/bin/../lib/gcc/arm-none-eabi/7.2.1/../../../../arm-none-eabi/lib/thumb/v6-m/libc_nano.a(lib_a-nano-svfprintf.o)
 .rodata._printf_i.str1.1
                0x0000000000005751       0x22 /Users/bmmli.jl/.platformio/packages/toolchain-gccarmnoneeabi@1.70201.0/bin/../lib/gcc/arm-none-eabi/7.2.1/../../../../arm-none-eabi/lib/thumb/v6-m/libc_nano.a(lib_a-nano-vfprintf_i.o)
 *(.eh_frame*)
 *fill*         0x0000000000005773        0x1 
 .eh_frame      0x0000000000005774        0x0 /Users/bmmli.jl/.platformio/packages/toolchain-gccarmnoneeabi@1.70201.0/bin/../lib/gcc/arm-none-eabi/7.2.1/thumb/v6-m/crtbegin.o
 .eh_frame      0x0000000000005774        0x4 /Users/bmmli.jl/.platformio/packages/toolchain-gccarmnoneeabi@1.70201.0/bin/../lib/gcc/arm-none-eabi/7.2.1/thumb/v6-m/crtend.o

.glue_7         0x0000000000005778        0x0
 .glue_7        0x0000000000005778        0x0 linker stubs

.glue_7t        0x0000000000005778        0x0
 .glue_7t       0x0000000000005778        0x0 linker stubs

.vfp11_veneer   0x0000000000005778        0x0
 .vfp11_veneer  0x0000000000005778        0x0 linker stubs

.v4_bx          0x0000000000005778        0x0
 .v4_bx         0x0000000000005778        0x0 linker stubs

.iplt           0x0000000000005778        0x0
 .iplt          0x0000000000005778        0x0 /Users/bmmli.jl/.platformio/packages/toolchain-gccarmnoneeabi@1.70201.0/bin/../lib/gcc/arm-none-eabi/7.2.1/thumb/v6-m/crtbegin.o

.rel.dyn        0x0000000000005778        0x0
 .rel.iplt      0x0000000000005778        0x0 /Users/bmmli.jl/.platformio/packages/toolchain-gccarmnoneeabi@1.70201.0/bin/../lib/gcc/arm-none-eabi/7.2.1/thumb/v6-m/crtbegin.o

.ARM.extab
 *(.ARM.extab* .gnu.linkonce.armextab.*)
                0x0000000000005778                __exidx_start = .

.ARM.exidx
 *(.ARM.exidx* .gnu.linkonce.armexidx.*)
                0x0000000000005778                __exidx_end = .
                0x0000000000005778                __etext = .

.data           0x0000000020000000       0x88 load address 0x0000000000005778
                0x0000000020000000                __data_start__ = .
 *(vtable)
 *(.data*)
 .data._ZL10breakValue
                0x0000000020000000        0x4 .pio/build/nano_33_iot/libFrameworkArduino.a(CDC.cpp.o)
 .data._serialPeek
                0x0000000020000004        0x4 .pio/build/nano_33_iot/libFrameworkArduino.a(CDC.cpp.o)
                0x0000000020000004                _serialPeek
 .data.SystemCoreClock
                0x0000000020000008        0x4 .pio/build/nano_33_iot/libFrameworkArduino.a(wiring.c.o)
                0x0000000020000008                SystemCoreClock
 .data._ZL5ticks
                0x000000002000000c        0x4 .pio/build/nano_33_iot/libFrameworkArduino.a(Reset.cpp.o)
 .data._impure_ptr
                0x0000000020000010        0x4 /Users/bmmli.jl/.platformio/packages/toolchain-gccarmnoneeabi@1.70201.0/bin/../lib/gcc/arm-none-eabi/7.2.1/../../../../arm-none-eabi/lib/thumb/v6-m/libc_nano.a(lib_a-impure.o)
                0x0000000020000010                _impure_ptr
 .data.impure_data
                0x0000000020000014       0x60 /Users/bmmli.jl/.platformio/packages/toolchain-gccarmnoneeabi@1.70201.0/bin/../lib/gcc/arm-none-eabi/7.2.1/../../../../arm-none-eabi/lib/thumb/v6-m/libc_nano.a(lib_a-impure.o)
                0x0000000020000074                . = ALIGN (0x4)
                0x0000000020000074                PROVIDE (__preinit_array_start, .)
 *(.preinit_array)
                0x0000000020000074                PROVIDE (__preinit_array_end, .)
                0x0000000020000074                . = ALIGN (0x4)
                0x0000000020000074                PROVIDE (__init_array_start, .)
 *(SORT_BY_NAME(.init_array.*))
 *(.init_array)
 .init_array    0x0000000020000074        0x4 /Users/bmmli.jl/.platformio/packages/toolchain-gccarmnoneeabi@1.70201.0/bin/../lib/gcc/arm-none-eabi/7.2.1/thumb/v6-m/crtbegin.o
 .init_array    0x0000000020000078        0x4 .pio/build/nano_33_iot/libFrameworkArduino.a(CDC.cpp.o)
 .init_array    0x000000002000007c        0x4 .pio/build/nano_33_iot/libFrameworkArduino.a(USBCore.cpp.o)
 .init_array    0x0000000020000080        0x4 .pio/build/nano_33_iot/libFrameworkArduinoVariant.a(variant.cpp.o)
                0x0000000020000084                PROVIDE (__init_array_end, .)
                0x0000000020000084                . = ALIGN (0x4)
                [!provide]                        PROVIDE (__fini_array_start, .)
 *(SORT_BY_NAME(.fini_array.*))
 *(.fini_array)
 .fini_array    0x0000000020000084        0x4 /Users/bmmli.jl/.platformio/packages/toolchain-gccarmnoneeabi@1.70201.0/bin/../lib/gcc/arm-none-eabi/7.2.1/thumb/v6-m/crtbegin.o
                [!provide]                        PROVIDE (__fini_array_end, .)
 *(.jcr*)
                0x0000000020000088                . = ALIGN (0x4)
                0x0000000020000088                __data_end__ = .

.igot.plt       0x0000000020000088        0x0 load address 0x0000000000005800
 .igot.plt      0x0000000020000088        0x0 /Users/bmmli.jl/.platformio/packages/toolchain-gccarmnoneeabi@1.70201.0/bin/../lib/gcc/arm-none-eabi/7.2.1/thumb/v6-m/crtbegin.o

.bss            0x0000000020000088      0xe58 load address 0x0000000000005800
                0x0000000020000088                . = ALIGN (0x4)
                0x0000000020000088                __bss_start__ = .
 *(.bss*)
 .bss           0x0000000020000088       0x1c /Users/bmmli.jl/.platformio/packages/toolchain-gccarmnoneeabi@1.70201.0/bin/../lib/gcc/arm-none-eabi/7.2.1/thumb/v6-m/crtbegin.o
 .bss.barcodeReader
                0x00000000200000a4       0x54 .pio/build/nano_33_iot/src/BarcodeReader.cpp.o
                0x00000000200000a4                barcodeReader
 .bss.next_free_address
                0x00000000200000f8        0x4 .pio/build/nano_33_iot/src/FlashStorage.c.o
                0x00000000200000f8                next_free_address
 .bss.barcodeValue
                0x00000000200000fc        0x1 .pio/build/nano_33_iot/src/main.cpp.o
                0x00000000200000fc                barcodeValue
 *fill*         0x00000000200000fd        0x3 
 .bss.config    0x0000000020000100        0x8 .pio/build/nano_33_iot/src/main.cpp.o
                0x0000000020000100                config
 .bss.speed     0x0000000020000108        0x4 .pio/build/nano_33_iot/src/main.cpp.o
                0x0000000020000108                speed
 .bss.SerialUSB
                0x000000002000010c       0x3c .pio/build/nano_33_iot/libFrameworkArduino.a(CDC.cpp.o)
                0x000000002000010c                SerialUSB
 .bss.EndPoints
                0x0000000020000148       0x28 .pio/build/nano_33_iot/libFrameworkArduino.a(USBCore.cpp.o)
                0x0000000020000148                EndPoints
 .bss.USBDevice
                0x0000000020000170        0x1 .pio/build/nano_33_iot/libFrameworkArduino.a(USBCore.cpp.o)
                0x0000000020000170                USBDevice
 *fill*         0x0000000020000171        0x3 
 .bss._ZL10epHandlers
                0x0000000020000174       0x1c .pio/build/nano_33_iot/libFrameworkArduino.a(USBCore.cpp.o)
 .bss._ZL14isEndpointHalt
                0x0000000020000190        0x1 .pio/build/nano_33_iot/libFrameworkArduino.a(USBCore.cpp.o)
 .bss._ZL20LastTransmitTimedOut
                0x0000000020000191        0x7 .pio/build/nano_33_iot/libFrameworkArduino.a(USBCore.cpp.o)
 .bss._ZL21isRemoteWakeUpEnabled
                0x0000000020000198        0x1 .pio/build/nano_33_iot/libFrameworkArduino.a(USBCore.cpp.o)
 *fill*         0x0000000020000199        0x3 
 .bss._ZL22udd_ep_in_cache_buffer
                0x000000002000019c      0x1c0 .pio/build/nano_33_iot/libFrameworkArduino.a(USBCore.cpp.o)
 .bss._ZL23udd_ep_out_cache_buffer
                0x000000002000035c      0x1c0 .pio/build/nano_33_iot/libFrameworkArduino.a(USBCore.cpp.o)
 .bss._dry_run  0x000000002000051c        0x1 .pio/build/nano_33_iot/libFrameworkArduino.a(USBCore.cpp.o)
                0x000000002000051c                _dry_run
 .bss._pack_buffer
                0x000000002000051d      0x100 .pio/build/nano_33_iot/libFrameworkArduino.a(USBCore.cpp.o)
                0x000000002000051d                _pack_buffer
 .bss._pack_message
                0x000000002000061d        0x1 .pio/build/nano_33_iot/libFrameworkArduino.a(USBCore.cpp.o)
                0x000000002000061d                _pack_message
 .bss._pack_size
                0x000000002000061e        0x2 .pio/build/nano_33_iot/libFrameworkArduino.a(USBCore.cpp.o)
                0x000000002000061e                _pack_size
 .bss._usbConfiguration
                0x0000000020000620        0x4 .pio/build/nano_33_iot/libFrameworkArduino.a(USBCore.cpp.o)
                0x0000000020000620                _usbConfiguration
 .bss._usbSetInterface
                0x0000000020000624        0x4 .pio/build/nano_33_iot/libFrameworkArduino.a(USBCore.cpp.o)
                0x0000000020000624                _usbSetInterface
 .bss.usbd      0x0000000020000628      0x104 .pio/build/nano_33_iot/libFrameworkArduino.a(USBCore.cpp.o)
                0x0000000020000628                usbd
 .bss.ISRcallback
                0x000000002000072c       0x44 .pio/build/nano_33_iot/libFrameworkArduino.a(WInterrupts.c.o)
 .bss.ISRlist   0x0000000020000770       0x44 .pio/build/nano_33_iot/libFrameworkArduino.a(WInterrupts.c.o)
 .bss.enabled.13007
                0x00000000200007b4        0x4 .pio/build/nano_33_iot/libFrameworkArduino.a(WInterrupts.c.o)
 .bss.nints     0x00000000200007b8        0x4 .pio/build/nano_33_iot/libFrameworkArduino.a(WInterrupts.c.o)
 .bss._ZGVZ12PluggableUSBvE3obj
                0x00000000200007bc        0x4 .pio/build/nano_33_iot/libFrameworkArduino.a(PluggableUSB.cpp.o)
 .bss._ZZ12PluggableUSBvE3obj
                0x00000000200007c0        0xc .pio/build/nano_33_iot/libFrameworkArduino.a(PluggableUSB.cpp.o)
 .bss.usb_isr   0x00000000200007cc        0x4 .pio/build/nano_33_iot/libFrameworkArduino.a(cortex_handlers.c.o)
 .bss._ulTickCount
                0x00000000200007d0        0x4 .pio/build/nano_33_iot/libFrameworkArduino.a(delay.c.o)
 .bss.Serial1   0x00000000200007d4      0x244 .pio/build/nano_33_iot/libFrameworkArduinoVariant.a(variant.cpp.o)
                0x00000000200007d4                Serial1
 .bss.Serial2   0x0000000020000a18      0x244 .pio/build/nano_33_iot/libFrameworkArduinoVariant.a(variant.cpp.o)
                0x0000000020000a18                Serial2
 .bss.SerialHCI
                0x0000000020000c5c      0x244 .pio/build/nano_33_iot/libFrameworkArduinoVariant.a(variant.cpp.o)
                0x0000000020000c5c                SerialHCI
 .bss.sercom0   0x0000000020000ea0        0x8 .pio/build/nano_33_iot/libFrameworkArduinoVariant.a(variant.cpp.o)
                0x0000000020000ea0                sercom0
 .bss.sercom1   0x0000000020000ea8        0x8 .pio/build/nano_33_iot/libFrameworkArduinoVariant.a(variant.cpp.o)
                0x0000000020000ea8                sercom1
 .bss.sercom2   0x0000000020000eb0        0x8 .pio/build/nano_33_iot/libFrameworkArduinoVariant.a(variant.cpp.o)
                0x0000000020000eb0                sercom2
 .bss.sercom3   0x0000000020000eb8        0x8 .pio/build/nano_33_iot/libFrameworkArduinoVariant.a(variant.cpp.o)
                0x0000000020000eb8                sercom3
 .bss.sercom4   0x0000000020000ec0        0x8 .pio/build/nano_33_iot/libFrameworkArduinoVariant.a(variant.cpp.o)
                0x0000000020000ec0                sercom4
 .bss.sercom5   0x0000000020000ec8        0x8 .pio/build/nano_33_iot/libFrameworkArduinoVariant.a(variant.cpp.o)
                0x0000000020000ec8                sercom5
 .bss.__malloc_free_list
                0x0000000020000ed0        0x4 /Users/bmmli.jl/.platformio/packages/toolchain-gccarmnoneeabi@1.70201.0/bin/../lib/gcc/arm-none-eabi/7.2.1/../../../../arm-none-eabi/lib/thumb/v6-m/libc_nano.a(lib_a-nano-mallocr.o)
                0x0000000020000ed0                __malloc_free_list
 .bss.__malloc_sbrk_start
                0x0000000020000ed4        0x4 /Users/bmmli.jl/.platformio/packages/toolchain-gccarmnoneeabi@1.70201.0/bin/../lib/gcc/arm-none-eabi/7.2.1/../../../../arm-none-eabi/lib/thumb/v6-m/libc_nano.a(lib_a-nano-mallocr.o)
                0x0000000020000ed4                __malloc_sbrk_start
 .bss.heap_end.4102
                0x0000000020000ed8        0x4 /Users/bmmli.jl/.platformio/packages/toolchain-gccarmnoneeabi@1.70201.0/bin/../lib/gcc/arm-none-eabi/7.2.1/../../../../arm-none-eabi/lib/thumb/v6-m/libnosys.a(sbrk.o)
 *(COMMON)
 COMMON         0x0000000020000edc        0x4 /Users/bmmli.jl/.platformio/packages/toolchain-gccarmnoneeabi@1.70201.0/bin/../lib/gcc/arm-none-eabi/7.2.1/../../../../arm-none-eabi/lib/thumb/v6-m/libc_nano.a(lib_a-reent.o)
                0x0000000020000edc                errno
                0x0000000020000ee0                . = ALIGN (0x4)
                0x0000000020000ee0                __bss_end__ = .

.heap           0x0000000020000ee0        0x0
                0x0000000020000ee0                __end__ = .
                0x0000000020000ee0                PROVIDE (end, .)
 *(.heap*)
                0x0000000020000ee0                __HeapLimit = .

.stack_dummy    0x0000000020000ee0        0x0
 *(.stack*)
                0x0000000020008000                __StackTop = (ORIGIN (RAM) + LENGTH (RAM))
                0x0000000020008000                __StackLimit = (__StackTop - SIZEOF (.stack_dummy))
                0x0000000020008000                PROVIDE (__stack, __StackTop)
                0x0000000020007fff                __ram_end__ = ((ORIGIN (RAM) + LENGTH (RAM)) - 0x1)
                0x0000000000000001                ASSERT ((__StackLimit >= __HeapLimit), region RAM overflowed with stack)
OUTPUT(.pio/build/nano_33_iot/firmware.elf elf32-littlearm)

.ARM.attributes
                0x0000000000000000       0x28
 .ARM.attributes
                0x0000000000000000       0x1e /Users/bmmli.jl/.platformio/packages/toolchain-gccarmnoneeabi@1.70201.0/bin/../lib/gcc/arm-none-eabi/7.2.1/thumb/v6-m/crti.o
 .ARM.attributes
                0x000000000000001e       0x2c /Users/bmmli.jl/.platformio/packages/toolchain-gccarmnoneeabi@1.70201.0/bin/../lib/gcc/arm-none-eabi/7.2.1/thumb/v6-m/crtbegin.o
 .ARM.attributes
                0x000000000000004a       0x32 .pio/build/nano_33_iot/src/BarcodeReader.cpp.o
 .ARM.attributes
                0x000000000000007c       0x32 .pio/build/nano_33_iot/src/FlashStorage.c.o
 .ARM.attributes
                0x00000000000000ae       0x32 .pio/build/nano_33_iot/src/main.cpp.o
 .ARM.attributes
                0x00000000000000e0       0x32 .pio/build/nano_33_iot/libFrameworkArduino.a(CDC.cpp.o)
 .ARM.attributes
                0x0000000000000112       0x32 .pio/build/nano_33_iot/libFrameworkArduino.a(USBCore.cpp.o)
 .ARM.attributes
                0x0000000000000144       0x32 .pio/build/nano_33_iot/libFrameworkArduino.a(WInterrupts.c.o)
 .ARM.attributes
                0x0000000000000176       0x32 .pio/build/nano_33_iot/libFrameworkArduino.a(PluggableUSB.cpp.o)
 .ARM.attributes
                0x00000000000001a8       0x32 .pio/build/nano_33_iot/libFrameworkArduino.a(Print.cpp.o)
 .ARM.attributes
                0x00000000000001da       0x32 .pio/build/nano_33_iot/libFrameworkArduino.a(cortex_handlers.c.o)
 .ARM.attributes
                0x000000000000020c       0x32 .pio/build/nano_33_iot/libFrameworkArduino.a(delay.c.o)
 .ARM.attributes
                0x000000000000023e       0x32 .pio/build/nano_33_iot/libFrameworkArduino.a(hooks.c.o)
 .ARM.attributes
                0x0000000000000270       0x32 .pio/build/nano_33_iot/libFrameworkArduino.a(main.cpp.o)
 .ARM.attributes
                0x00000000000002a2       0x32 .pio/build/nano_33_iot/libFrameworkArduino.a(new.cpp.o)
 .ARM.attributes
                0x00000000000002d4       0x32 .pio/build/nano_33_iot/libFrameworkArduino.a(startup.c.o)
 .ARM.attributes
                0x0000000000000306       0x32 .pio/build/nano_33_iot/libFrameworkArduino.a(wiring.c.o)
 .ARM.attributes
                0x0000000000000338       0x32 .pio/build/nano_33_iot/libFrameworkArduino.a(wiring_analog.c.o)
 .ARM.attributes
                0x000000000000036a       0x32 .pio/build/nano_33_iot/libFrameworkArduino.a(wiring_digital.c.o)
 .ARM.attributes
                0x000000000000039c       0x32 .pio/build/nano_33_iot/libFrameworkArduino.a(wiring_private.c.o)
 .ARM.attributes
                0x00000000000003ce       0x32 .pio/build/nano_33_iot/libFrameworkArduino.a(Reset.cpp.o)
 .ARM.attributes
                0x0000000000000400       0x32 .pio/build/nano_33_iot/libFrameworkArduinoVariant.a(variant.cpp.o)
 .ARM.attributes
                0x0000000000000432       0x32 .pio/build/nano_33_iot/libFrameworkArduino.a(SERCOM.cpp.o)
 .ARM.attributes
                0x0000000000000464       0x32 .pio/build/nano_33_iot/libFrameworkArduino.a(Uart.cpp.o)
 .ARM.attributes
                0x0000000000000496       0x1e /Users/bmmli.jl/.platformio/packages/toolchain-gccarmnoneeabi@1.70201.0/bin/../lib/gcc/arm-none-eabi/7.2.1/thumb/v6-m/libgcc.a(_thumb1_case_uqi.o)
 .ARM.attributes
                0x00000000000004b4       0x1e /Users/bmmli.jl/.platformio/packages/toolchain-gccarmnoneeabi@1.70201.0/bin/../lib/gcc/arm-none-eabi/7.2.1/thumb/v6-m/libgcc.a(_udivsi3.o)
 .ARM.attributes
                0x00000000000004d2       0x1e /Users/bmmli.jl/.platformio/packages/toolchain-gccarmnoneeabi@1.70201.0/bin/../lib/gcc/arm-none-eabi/7.2.1/thumb/v6-m/libgcc.a(_dvmd_tls.o)
 .ARM.attributes
                0x00000000000004f0       0x2c /Users/bmmli.jl/.platformio/packages/toolchain-gccarmnoneeabi@1.70201.0/bin/../lib/gcc/arm-none-eabi/7.2.1/../../../../arm-none-eabi/lib/thumb/v6-m/libc_nano.a(lib_a-impure.o)
 .ARM.attributes
                0x000000000000051c       0x2c /Users/bmmli.jl/.platformio/packages/toolchain-gccarmnoneeabi@1.70201.0/bin/../lib/gcc/arm-none-eabi/7.2.1/../../../../arm-none-eabi/lib/thumb/v6-m/libc_nano.a(lib_a-init.o)
 .ARM.attributes
                0x0000000000000548       0x2c /Users/bmmli.jl/.platformio/packages/toolchain-gccarmnoneeabi@1.70201.0/bin/../lib/gcc/arm-none-eabi/7.2.1/../../../../arm-none-eabi/lib/thumb/v6-m/libc_nano.a(lib_a-malloc.o)
 .ARM.attributes
                0x0000000000000574       0x2c /Users/bmmli.jl/.platformio/packages/toolchain-gccarmnoneeabi@1.70201.0/bin/../lib/gcc/arm-none-eabi/7.2.1/../../../../arm-none-eabi/lib/thumb/v6-m/libc_nano.a(lib_a-memcpy-stub.o)
 .ARM.attributes
                0x00000000000005a0       0x2c /Users/bmmli.jl/.platformio/packages/toolchain-gccarmnoneeabi@1.70201.0/bin/../lib/gcc/arm-none-eabi/7.2.1/../../../../arm-none-eabi/lib/thumb/v6-m/libc_nano.a(lib_a-memset.o)
 .ARM.attributes
                0x00000000000005cc       0x2c /Users/bmmli.jl/.platformio/packages/toolchain-gccarmnoneeabi@1.70201.0/bin/../lib/gcc/arm-none-eabi/7.2.1/../../../../arm-none-eabi/lib/thumb/v6-m/libc_nano.a(lib_a-nano-freer.o)
 .ARM.attributes
                0x00000000000005f8       0x2c /Users/bmmli.jl/.platformio/packages/toolchain-gccarmnoneeabi@1.70201.0/bin/../lib/gcc/arm-none-eabi/7.2.1/../../../../arm-none-eabi/lib/thumb/v6-m/libc_nano.a(lib_a-nano-mallocr.o)
 .ARM.attributes
                0x0000000000000624       0x2c /Users/bmmli.jl/.platformio/packages/toolchain-gccarmnoneeabi@1.70201.0/bin/../lib/gcc/arm-none-eabi/7.2.1/../../../../arm-none-eabi/lib/thumb/v6-m/libc_nano.a(lib_a-sbrkr.o)
 .ARM.attributes
                0x0000000000000650       0x2c /Users/bmmli.jl/.platformio/packages/toolchain-gccarmnoneeabi@1.70201.0/bin/../lib/gcc/arm-none-eabi/7.2.1/../../../../arm-none-eabi/lib/thumb/v6-m/libc_nano.a(lib_a-sprintf.o)
 .ARM.attributes
                0x000000000000067c       0x1c /Users/bmmli.jl/.platformio/packages/toolchain-gccarmnoneeabi@1.70201.0/bin/../lib/gcc/arm-none-eabi/7.2.1/../../../../arm-none-eabi/lib/thumb/v6-m/libc_nano.a(lib_a-strlen.o)
 .ARM.attributes
                0x0000000000000698       0x2c /Users/bmmli.jl/.platformio/packages/toolchain-gccarmnoneeabi@1.70201.0/bin/../lib/gcc/arm-none-eabi/7.2.1/../../../../arm-none-eabi/lib/thumb/v6-m/libc_nano.a(lib_a-mlock.o)
 .ARM.attributes
                0x00000000000006c4       0x2c /Users/bmmli.jl/.platformio/packages/toolchain-gccarmnoneeabi@1.70201.0/bin/../lib/gcc/arm-none-eabi/7.2.1/../../../../arm-none-eabi/lib/thumb/v6-m/libc_nano.a(lib_a-nano-svfprintf.o)
 .ARM.attributes
                0x00000000000006f0       0x2c /Users/bmmli.jl/.platformio/packages/toolchain-gccarmnoneeabi@1.70201.0/bin/../lib/gcc/arm-none-eabi/7.2.1/../../../../arm-none-eabi/lib/thumb/v6-m/libc_nano.a(lib_a-nano-vfprintf_i.o)
 .ARM.attributes
                0x000000000000071c       0x2c /Users/bmmli.jl/.platformio/packages/toolchain-gccarmnoneeabi@1.70201.0/bin/../lib/gcc/arm-none-eabi/7.2.1/../../../../arm-none-eabi/lib/thumb/v6-m/libc_nano.a(lib_a-reent.o)
 .ARM.attributes
                0x0000000000000748       0x2c /Users/bmmli.jl/.platformio/packages/toolchain-gccarmnoneeabi@1.70201.0/bin/../lib/gcc/arm-none-eabi/7.2.1/../../../../arm-none-eabi/lib/thumb/v6-m/libc_nano.a(lib_a-memchr-stub.o)
 .ARM.attributes
                0x0000000000000774       0x2c /Users/bmmli.jl/.platformio/packages/toolchain-gccarmnoneeabi@1.70201.0/bin/../lib/gcc/arm-none-eabi/7.2.1/../../../../arm-none-eabi/lib/thumb/v6-m/libc_nano.a(lib_a-memmove.o)
 .ARM.attributes
                0x00000000000007a0       0x2c /Users/bmmli.jl/.platformio/packages/toolchain-gccarmnoneeabi@1.70201.0/bin/../lib/gcc/arm-none-eabi/7.2.1/../../../../arm-none-eabi/lib/thumb/v6-m/libc_nano.a(lib_a-nano-reallocr.o)
 .ARM.attributes
                0x00000000000007cc       0x2c /Users/bmmli.jl/.platformio/packages/toolchain-gccarmnoneeabi@1.70201.0/bin/../lib/gcc/arm-none-eabi/7.2.1/../../../../arm-none-eabi/lib/thumb/v6-m/libc_nano.a(lib_a-nano-msizer.o)
 .ARM.attributes
                0x00000000000007f8       0x2c /Users/bmmli.jl/.platformio/packages/toolchain-gccarmnoneeabi@1.70201.0/bin/../lib/gcc/arm-none-eabi/7.2.1/../../../../arm-none-eabi/lib/thumb/v6-m/libnosys.a(sbrk.o)
 .ARM.attributes
                0x0000000000000824       0x2c /Users/bmmli.jl/.platformio/packages/toolchain-gccarmnoneeabi@1.70201.0/bin/../lib/gcc/arm-none-eabi/7.2.1/thumb/v6-m/crtend.o
 .ARM.attributes
                0x0000000000000850       0x1e /Users/bmmli.jl/.platformio/packages/toolchain-gccarmnoneeabi@1.70201.0/bin/../lib/gcc/arm-none-eabi/7.2.1/thumb/v6-m/crtn.o

.comment        0x0000000000000000       0x7e
 .comment       0x0000000000000000       0x7e .pio/build/nano_33_iot/src/BarcodeReader.cpp.o
                                         0x7f (size before relaxing)
 .comment       0x000000000000007e       0x7f .pio/build/nano_33_iot/src/FlashStorage.c.o
 .comment       0x000000000000007e       0x7f .pio/build/nano_33_iot/src/main.cpp.o
 .comment       0x000000000000007e       0x7f .pio/build/nano_33_iot/libFrameworkArduino.a(CDC.cpp.o)
 .comment       0x000000000000007e       0x7f .pio/build/nano_33_iot/libFrameworkArduino.a(USBCore.cpp.o)
 .comment       0x000000000000007e       0x7f .pio/build/nano_33_iot/libFrameworkArduino.a(WInterrupts.c.o)
 .comment       0x000000000000007e       0x7f .pio/build/nano_33_iot/libFrameworkArduino.a(PluggableUSB.cpp.o)
 .comment       0x000000000000007e       0x7f .pio/build/nano_33_iot/libFrameworkArduino.a(Print.cpp.o)
 .comment       0x000000000000007e       0x7f .pio/build/nano_33_iot/libFrameworkArduino.a(cortex_handlers.c.o)
 .comment       0x000000000000007e       0x7f .pio/build/nano_33_iot/libFrameworkArduino.a(delay.c.o)
 .comment       0x000000000000007e       0x7f .pio/build/nano_33_iot/libFrameworkArduino.a(hooks.c.o)
 .comment       0x000000000000007e       0x7f .pio/build/nano_33_iot/libFrameworkArduino.a(main.cpp.o)
 .comment       0x000000000000007e       0x7f .pio/build/nano_33_iot/libFrameworkArduino.a(new.cpp.o)
 .comment       0x000000000000007e       0x7f .pio/build/nano_33_iot/libFrameworkArduino.a(startup.c.o)
 .comment       0x000000000000007e       0x7f .pio/build/nano_33_iot/libFrameworkArduino.a(wiring.c.o)
 .comment       0x000000000000007e       0x7f .pio/build/nano_33_iot/libFrameworkArduino.a(wiring_analog.c.o)
 .comment       0x000000000000007e       0x7f .pio/build/nano_33_iot/libFrameworkArduino.a(wiring_digital.c.o)
 .comment       0x000000000000007e       0x7f .pio/build/nano_33_iot/libFrameworkArduino.a(wiring_private.c.o)
 .comment       0x000000000000007e       0x7f .pio/build/nano_33_iot/libFrameworkArduino.a(Reset.cpp.o)
 .comment       0x000000000000007e       0x7f .pio/build/nano_33_iot/libFrameworkArduinoVariant.a(variant.cpp.o)
 .comment       0x000000000000007e       0x7f .pio/build/nano_33_iot/libFrameworkArduino.a(SERCOM.cpp.o)
 .comment       0x000000000000007e       0x7f .pio/build/nano_33_iot/libFrameworkArduino.a(Uart.cpp.o)

.debug_frame    0x0000000000000000      0x398
 .debug_frame   0x0000000000000000       0x20 /Users/bmmli.jl/.platformio/packages/toolchain-gccarmnoneeabi@1.70201.0/bin/../lib/gcc/arm-none-eabi/7.2.1/thumb/v6-m/libgcc.a(_udivsi3.o)
 .debug_frame   0x0000000000000020       0x2c /Users/bmmli.jl/.platformio/packages/toolchain-gccarmnoneeabi@1.70201.0/bin/../lib/gcc/arm-none-eabi/7.2.1/../../../../arm-none-eabi/lib/thumb/v6-m/libc_nano.a(lib_a-init.o)
 .debug_frame   0x000000000000004c       0x40 /Users/bmmli.jl/.platformio/packages/toolchain-gccarmnoneeabi@1.70201.0/bin/../lib/gcc/arm-none-eabi/7.2.1/../../../../arm-none-eabi/lib/thumb/v6-m/libc_nano.a(lib_a-malloc.o)
 .debug_frame   0x000000000000008c       0x28 /Users/bmmli.jl/.platformio/packages/toolchain-gccarmnoneeabi@1.70201.0/bin/../lib/gcc/arm-none-eabi/7.2.1/../../../../arm-none-eabi/lib/thumb/v6-m/libc_nano.a(lib_a-memcpy-stub.o)
 .debug_frame   0x00000000000000b4       0x20 /Users/bmmli.jl/.platformio/packages/toolchain-gccarmnoneeabi@1.70201.0/bin/../lib/gcc/arm-none-eabi/7.2.1/../../../../arm-none-eabi/lib/thumb/v6-m/libc_nano.a(lib_a-memset.o)
 .debug_frame   0x00000000000000d4       0x2c /Users/bmmli.jl/.platformio/packages/toolchain-gccarmnoneeabi@1.70201.0/bin/../lib/gcc/arm-none-eabi/7.2.1/../../../../arm-none-eabi/lib/thumb/v6-m/libc_nano.a(lib_a-nano-freer.o)
 .debug_frame   0x0000000000000100       0x2c /Users/bmmli.jl/.platformio/packages/toolchain-gccarmnoneeabi@1.70201.0/bin/../lib/gcc/arm-none-eabi/7.2.1/../../../../arm-none-eabi/lib/thumb/v6-m/libc_nano.a(lib_a-nano-mallocr.o)
 .debug_frame   0x000000000000012c       0x2c /Users/bmmli.jl/.platformio/packages/toolchain-gccarmnoneeabi@1.70201.0/bin/../lib/gcc/arm-none-eabi/7.2.1/../../../../arm-none-eabi/lib/thumb/v6-m/libc_nano.a(lib_a-sbrkr.o)
 .debug_frame   0x0000000000000158       0x48 /Users/bmmli.jl/.platformio/packages/toolchain-gccarmnoneeabi@1.70201.0/bin/../lib/gcc/arm-none-eabi/7.2.1/../../../../arm-none-eabi/lib/thumb/v6-m/libc_nano.a(lib_a-sprintf.o)
 .debug_frame   0x00000000000001a0       0x30 /Users/bmmli.jl/.platformio/packages/toolchain-gccarmnoneeabi@1.70201.0/bin/../lib/gcc/arm-none-eabi/7.2.1/../../../../arm-none-eabi/lib/thumb/v6-m/libc_nano.a(lib_a-mlock.o)
 .debug_frame   0x00000000000001d0       0x74 /Users/bmmli.jl/.platformio/packages/toolchain-gccarmnoneeabi@1.70201.0/bin/../lib/gcc/arm-none-eabi/7.2.1/../../../../arm-none-eabi/lib/thumb/v6-m/libc_nano.a(lib_a-nano-svfprintf.o)
 .debug_frame   0x0000000000000244       0x54 /Users/bmmli.jl/.platformio/packages/toolchain-gccarmnoneeabi@1.70201.0/bin/../lib/gcc/arm-none-eabi/7.2.1/../../../../arm-none-eabi/lib/thumb/v6-m/libc_nano.a(lib_a-nano-vfprintf_i.o)
 .debug_frame   0x0000000000000298       0x48 /Users/bmmli.jl/.platformio/packages/toolchain-gccarmnoneeabi@1.70201.0/bin/../lib/gcc/arm-none-eabi/7.2.1/../../../../arm-none-eabi/lib/thumb/v6-m/libc_nano.a(lib_a-reent.o)
 .debug_frame   0x00000000000002e0       0x20 /Users/bmmli.jl/.platformio/packages/toolchain-gccarmnoneeabi@1.70201.0/bin/../lib/gcc/arm-none-eabi/7.2.1/../../../../arm-none-eabi/lib/thumb/v6-m/libc_nano.a(lib_a-memchr-stub.o)
 .debug_frame   0x0000000000000300       0x28 /Users/bmmli.jl/.platformio/packages/toolchain-gccarmnoneeabi@1.70201.0/bin/../lib/gcc/arm-none-eabi/7.2.1/../../../../arm-none-eabi/lib/thumb/v6-m/libc_nano.a(lib_a-memmove.o)
 .debug_frame   0x0000000000000328       0x30 /Users/bmmli.jl/.platformio/packages/toolchain-gccarmnoneeabi@1.70201.0/bin/../lib/gcc/arm-none-eabi/7.2.1/../../../../arm-none-eabi/lib/thumb/v6-m/libc_nano.a(lib_a-nano-reallocr.o)
 .debug_frame   0x0000000000000358       0x20 /Users/bmmli.jl/.platformio/packages/toolchain-gccarmnoneeabi@1.70201.0/bin/../lib/gcc/arm-none-eabi/7.2.1/../../../../arm-none-eabi/lib/thumb/v6-m/libc_nano.a(lib_a-nano-msizer.o)
 .debug_frame   0x0000000000000378       0x20 /Users/bmmli.jl/.platformio/packages/toolchain-gccarmnoneeabi@1.70201.0/bin/../lib/gcc/arm-none-eabi/7.2.1/../../../../arm-none-eabi/lib/thumb/v6-m/libnosys.a(sbrk.o)
